language-pack-af
language-pack-af-base
language-pack-ar
language-pack-ar-base
language-pack-ast
language-pack-ast-base
language-pack-bg
language-pack-bg-base
language-pack-bn
language-pack-bn-base
language-pack-cs
language-pack-cs-base
language-pack-da
language-pack-da-base
language-pack-de
language-pack-de-base
language-pack-dz
language-pack-dz-base
language-pack-el
language-pack-el-base
language-pack-en
language-pack-en-base
language-pack-es
language-pack-es-base
language-pack-fi
language-pack-fi-base
language-pack-fr
language-pack-fr-base
language-pack-gnome-af
language-pack-gnome-af-base
language-pack-gnome-ar
language-pack-gnome-ar-base
language-pack-gnome-ast
language-pack-gnome-ast-base
language-pack-gnome-bg
language-pack-gnome-bg-base
language-pack-gnome-bn
language-pack-gnome-bn-base
language-pack-gnome-cs
language-pack-gnome-cs-base
language-pack-gnome-da
language-pack-gnome-da-base
language-pack-gnome-de
language-pack-gnome-de-base
language-pack-gnome-dz
language-pack-gnome-dz-base
language-pack-gnome-el
language-pack-gnome-el-base
language-pack-gnome-en
language-pack-gnome-en-base
language-pack-gnome-es
language-pack-gnome-es-base
language-pack-gnome-fi
language-pack-gnome-fi-base
language-pack-gnome-fr
language-pack-gnome-fr-base
language-pack-gnome-hi
language-pack-gnome-hi-base
language-pack-gnome-hu
language-pack-gnome-hu-base
language-pack-gnome-ia
language-pack-gnome-ia-base
language-pack-gnome-id
language-pack-gnome-id-base
language-pack-gnome-is
language-pack-gnome-is-base
language-pack-gnome-it
language-pack-gnome-it-base
language-pack-gnome-ja
language-pack-gnome-ja-base
language-pack-gnome-kn
language-pack-gnome-kn-base
language-pack-gnome-ko
language-pack-gnome-ko-base
language-pack-gnome-ml
language-pack-gnome-ml-base
language-pack-gnome-mn
language-pack-gnome-mn-base
language-pack-gnome-mr
language-pack-gnome-mr-base
language-pack-gnome-my
language-pack-gnome-my-base
language-pack-gnome-nb
language-pack-gnome-nb-base
language-pack-gnome-nds
language-pack-gnome-nds-base
language-pack-gnome-nl
language-pack-gnome-nl-base
language-pack-gnome-nn
language-pack-gnome-nn-base
language-pack-gnome-pl
language-pack-gnome-pl-base
language-pack-gnome-pt
language-pack-gnome-pt-base
language-pack-gnome-ro
language-pack-gnome-ro-base
language-pack-gnome-ru
language-pack-gnome-ru-base
language-pack-gnome-sd
language-pack-gnome-sd-base
language-pack-gnome-sv
language-pack-gnome-sv-base
language-pack-gnome-sw
language-pack-gnome-sw-base
language-pack-gnome-th
language-pack-gnome-th-base
language-pack-gnome-tr
language-pack-gnome-tr-base
language-pack-gnome-uk
language-pack-gnome-uk-base
language-pack-gnome-vi
language-pack-gnome-vi-base
language-pack-gnome-wa
language-pack-gnome-wa-base
language-pack-gnome-wo
language-pack-gnome-wo-base
language-pack-gnome-zh-hans
language-pack-gnome-zh-hans-base
language-pack-gnome-zh-hant
language-pack-gnome-zh-hant-base
language-pack-hi
language-pack-hi-base
language-pack-hu
language-pack-hu-base
language-pack-ia
language-pack-ia-base
language-pack-id
language-pack-id-base
language-pack-is
language-pack-is-base
language-pack-it
language-pack-it-base
language-pack-ja
language-pack-ja-base
language-pack-kde-zh-hant
language-pack-kn
language-pack-kn-base
language-pack-ko
language-pack-ko-base
language-pack-ml
language-pack-ml-base
language-pack-mn
language-pack-mn-base
language-pack-mr
language-pack-mr-base
language-pack-my
language-pack-my-base
language-pack-nb
language-pack-nb-base
language-pack-nds
language-pack-nds-base
language-pack-nl
language-pack-nl-base
language-pack-nn
language-pack-nn-base
language-pack-pl
language-pack-pl-base
language-pack-pt
language-pack-pt-base
language-pack-ro
language-pack-ro-base
language-pack-ru
language-pack-ru-base
language-pack-sd
language-pack-sd-base
language-pack-sv
language-pack-sv-base
language-pack-sw
language-pack-sw-base
language-pack-th
language-pack-th-base
language-pack-tr
language-pack-tr-base
language-pack-uk
language-pack-uk-base
language-pack-vi
language-pack-vi-base
language-pack-wa
language-pack-wa-base
language-pack-wo
language-pack-wo-base
language-pack-zh-hans
language-pack-zh-hans-base
language-pack-zh-hant
language-pack-zh-hant-base
language-selector-common
language-selector-gnome
