language-pack-gnome-ia
language-pack-gnome-ia-base
language-pack-gnome-sd
language-pack-gnome-sd-base
language-pack-gnome-sw
language-pack-gnome-sw-base
language-pack-gnome-wa
language-pack-gnome-wa-base
language-pack-gnome-wo
language-pack-gnome-wo-base
language-pack-ia
language-pack-ia-base
language-pack-sd
language-pack-sd-base
language-pack-sw
language-pack-sw-base
language-pack-wa
language-pack-wa-base
language-pack-wo
language-pack-wo-base
lftp
libaacs0
libandroid-properties1
libass4
libauthen-pam-perl
libautodie-perl
libavcodec54
libavdevice53
libavfilter3
libavformat54
libavresample1
libavutil52
libbaloocore4
libbaloofiles4
libbalooxapian4
libboost-date-time1.54.0
libboost-iostreams1.54.0
libboost-program-options1.54.0
libboost-python1.54.0
libboost-system1.54.0
libboost-thread1.54.0
libcamel-1.2-45
libcdr-0.0-0
libcfitsio3
libcmis-0.4-4
libcogl-pango15
libcogl15
libcollections15-java
libcolord1
libcolorhug1
libdvbpsi8
libepub0
libexiv2-12
libfile-desktopentry-perl
libfile-mimeinfo-perl
libframe6
libfreerdp1
libgcrypt11
libgdata13
libgeis1
libgle3
libgnome-desktop-3-7
libgnutls26
libgnutls28
libgps20
libgrail6
libgrip0
libgtop2-7
libhardware2
libhtml-template-perl
libhybris-common1
libical1
libidl-common
libindi0c
libipc-system-simple-perl
libisl10
libkactivities-bin
libkactivities-models1
libkdeedu-data
libkdegames6
libkubuntu0
libllvm3.4
libmagick++5
libmagickcore5
libmagickcore5-extra
libmagickwand5
libmarblewidget18
libmbim-glib0
libmikmod2
libminiupnpc8
libmspub-0.0-0
libmuparser2
libmusicbrainz5-0
libnepomuk4
libnepomukcleaner4
libnepomukcore4abi1
libnepomukquery4a
libnepomukutils4
libnet-libidn-perl
libopenjpeg2
libopenvg1-mesa
liborcus-0.6-0
libpanel-applet-4-0
libparted0debian1
libperl5.18
libplist1
libplymouth2
libpoppler44
libqapt2
libqapt2-runtime
libqmi-glib0
libqmobipocket1
libqt5positioning5
libqt5sensors5
libquazip0
libraw9
librecad
librecad-data
libreoffice-l10n-bg
libreoffice-l10n-bn
librtmp0
libshp1
libsub-identify-perl
libswscale2
libsystemd-daemon0
libsystemd-journal0
libsystemd-login0
libt1-5
libtie-ixhash-perl
libts-0.0-0
libupower-glib1
libvisio-0.0-0
libvlccore7
libwpd-0.9-9
libwpg-0.2-2
libwps-0.2-2
libwxbase2.8-0
libwxgtk2.8-0
libxfce4util6
libxml-xpathengine-perl
libzip2
light-locker-settings
mysql-client-core-5.5
mysql-server-core-5.5
nepomuk-core-data
nepomuk-core-runtime
phonon-backend-gstreamer1.0
python-cupshelpers
python-ibus
s4a
systemd-services
tsconf
ttf-bengali-fonts
ttf-gujarati-fonts
ttf-oriya-fonts
ttf-tamil-fonts
ttf-telugu-fonts
ubuntu-extras-keyring
xserver-xorg-video-modesetting
