accountsservice
acl
adduser
akonadi-backend-mysql
akonadi-server
alsa-base
alsa-utils
anacron
apg
app-install-data
app-install-data-partner
apport
apport-gtk
apport-symptoms
apt
apt-offline
apt-show-versions
apt-utils
apt-xapian-index
aptdaemon
aptdaemon-data
aptitude
aptitude-common
arduino
arduino-core
aspell
aspell-en
astrometry.net
at-spi2-core
audacity
audacity-data
avahi-autoipd
avahi-daemon
avahi-utils
avr-libc
avrdude
base-files
base-passwd
bash
bash-completion
bc
bind9-host
binutils
binutils-avr
bluefish
bluefish-data
bluefish-plugins
blueman
bluez
bluez-alsa
bluez-cups
brasero
brasero-cdrkit
brasero-common
brltty
brltty-x11
browser-plugin-gnash
bsdmainutils
bsdutils
busybox-initramfs
bzip2
ca-certificates
ca-certificates-java
calligra-data
calligra-l10n-zhtw
calligra-libs
catfish
cdparanoia
cdrdao
cheese
cheese-common
chemical-mime-data
chromium-browser
chromium-browser-l10n
chromium-codecs-ffmpeg-extra
colord
command-not-found-data
console-setup
consolekit
coreutils
cpio
cpp
cpp-4.8
cracklib-runtime
crda
cron
cups
cups-browsed
cups-bsd
cups-client
cups-common
cups-core-drivers
cups-daemon
cups-filters
cups-filters-core-drivers
cups-pk-helper
cups-ppdc
cups-server-common
dash
dbus
dbus-x11
dc
dconf-cli
dconf-gsettings-backend
dconf-service
debconf
debconf-i18n
debianutils
default-jre
default-jre-headless
desktop-base
desktop-file-utils
dh-python
dialog
dictionaries-common
diffstat
diffutils
dmsetup
dmz-cursor-theme
dnsmasq-base
doc-base
docbook-xml
docbook-xsl
dosfstools
dphys-swapfile
dpkg
dvd+rw-tools
dvdauthor
dvgrab
e2fslibs
e2fsprogs
eject
enchant
espeak
espeak-data
ethtool
evince
evince-common
evolution-data-server
evolution-data-server-common
evolution-data-server-online-accounts
exo-utils
extra-xdg-menus
fcitx
fcitx-bin
fcitx-chewing
fcitx-config-common
fcitx-config-gtk
fcitx-data
fcitx-frontend-all
fcitx-frontend-gtk2
fcitx-frontend-gtk3
fcitx-frontend-qt4
fcitx-libs
fcitx-libs-gclient
fcitx-libs-qt
fcitx-module-dbus
fcitx-module-kimpanel
fcitx-module-lua
fcitx-module-x11
fcitx-modules
fcitx-pinyin
fcitx-qimpanel-configtool
fcitx-table
fcitx-table-array30
fcitx-table-boshiamy
fcitx-table-cangjie5
fcitx-ui-classic
fcitx-ui-qimpanel
ffmulticonverter
file
file-roller
filezilla
filezilla-common
findutils
firefox
firefox-locale-zh-hant
fontconfig
fontconfig-config
fonts-arphic-ukai
fonts-arphic-uming
fonts-cns11643-kai
fonts-cns11643-sung
fonts-cwtex-docs
fonts-cwtex-fs
fonts-cwtex-heib
fonts-cwtex-kai
fonts-cwtex-ming
fonts-cwtex-yen
fonts-dejavu-core
fonts-dejavu-extra
fonts-droid
fonts-dustin
fonts-freefont-ttf
fonts-kacst
fonts-kacst-one
fonts-khmeros-core
fonts-lao
fonts-liberation
fonts-lklug-sinhala
fonts-lyx
fonts-moe-standard-kai
fonts-moe-standard-song
fonts-nanum
fonts-opensymbol
fonts-sil-abyssinica
fonts-sil-andika
fonts-sil-padauk
fonts-takao-pgothic
fonts-thai-tlwg
fonts-tibetan-machine
fonts-tlwg-garuda
fonts-tlwg-kinnari
fonts-tlwg-loma
fonts-tlwg-mono
fonts-tlwg-norasi
fonts-tlwg-purisa
fonts-tlwg-sawasdee
fonts-tlwg-typewriter
fonts-tlwg-typist
fonts-tlwg-typo
fonts-tlwg-umpush
fonts-tlwg-waree
foomatic-db-compressed-ppds
fotowall
freemind
freemind-doc
freepats
frei0r-plugins
fuse
gawk
gcc
gcc-4.8
gcc-4.8-base
gcc-4.9-base
gcc-avr
gcompris
gcompris-data
gcompris-sound-en
gconf-service
gconf-service-backend
gconf2
gconf2-common
gcr
gdb
gdebi
gdebi-core
gdisk
gedit
gedit-common
genisoimage
geoclue
geoclue-ubuntu-geoip
geogebra
geoip-database
gettext
gettext-base
ghostscript
ghostscript-x
gigolo
gimp
gimp-data
gir1.2-appindicator3-0.1
gir1.2-atk-1.0
gir1.2-atspi-2.0
gir1.2-freedesktop
gir1.2-gdkpixbuf-2.0
gir1.2-glib-2.0
gir1.2-gmenu-3.0
gir1.2-gnomebluetooth-1.0
gir1.2-gst-plugins-base-1.0
gir1.2-gstreamer-1.0
gir1.2-gtk-3.0
gir1.2-gtksource-3.0
gir1.2-gudev-1.0
gir1.2-ibus-1.0
gir1.2-javascriptcoregtk-3.0
gir1.2-keybinder-3.0
gir1.2-notify-0.7
gir1.2-packagekitglib-1.0
gir1.2-pango-1.0
gir1.2-peas-1.0
gir1.2-soup-2.4
gir1.2-vte-2.90
gir1.2-webkit-3.0
gir1.2-wnck-3.0
gkbd-capplet
gksu
glib-networking
glib-networking-common
glib-networking-services
gmusicbrowser
gnash
gnash-common
gnome-accessibility-themes
gnome-bluetooth
gnome-calculator
gnome-control-center-shared-data
gnome-desktop3-data
gnome-icon-theme
gnome-icon-theme-full
gnome-icon-theme-symbolic
gnome-keyring
gnome-menus
gnome-mines
gnome-session-bin
gnome-session-canberra
gnome-settings-daemon-schemas
gnome-sudoku
gnome-system-tools
gnome-themes-standard
gnome-themes-standard-data
gnome-user-guide
gnome-user-share
gnome-video-effects
gnomine
gnupg
gparted
gpgv
grep
groff-base
growisofs
gsettings-desktop-schemas
gsettings-ubuntu-schemas
gsfonts
gstreamer0.10-alsa
gstreamer0.10-plugins-bad
gstreamer0.10-plugins-base
gstreamer0.10-plugins-base-apps
gstreamer0.10-plugins-good
gstreamer0.10-pulseaudio
gstreamer0.10-tools
gstreamer0.10-x
gstreamer1.0-clutter
gstreamer1.0-libav
gstreamer1.0-plugins-base
gstreamer1.0-plugins-good
gstreamer1.0-plugins-ugly
gstreamer1.0-pulseaudio
gstreamer1.0-tools
gstreamer1.0-x
gtk-theme-config
gtk2-engines-murrine
gtk2-engines-pixbuf
gucharmap
gvfs
gvfs-backends
gvfs-bin
gvfs-common
gvfs-daemons
gvfs-fuse
gvfs-libs
gzip
hardening-includes
hdparm
hexedit
hicolor-icon-theme
hostname
hplip
hplip-data
humanity-icon-theme
hunspell-en-us
hwdata
ibus
ibus-chewing
ibus-gtk
ibus-gtk3
ibus-table
ibus-table-cangjie3
ibus-table-cangjie5
ibus-table-quick-classic
icedtea-netx
icedtea-netx-common
icoutils
ifupdown
im-config
imagemagick
imagemagick-common
imagination
imagination-common
indicator-applet
indicator-application
indicator-bluetooth
indicator-datetime
indicator-keyboard
indicator-messages
indicator-power
indicator-session
indicator-sound
init-system-helpers
initramfs-tools
initramfs-tools-bin
initscripts
inkscape
inputattach
insserv
intef-exe
intltool-debian
iproute
iproute2
iptables
iputils-arping
iputils-ping
isc-dhcp-client
isc-dhcp-common
iso-codes
iw
java-common
java-wrappers
javahelp2
junit
junit4
k3b
k3b-data
k3b-i18n
kalzium
kalzium-data
kanagram
kate-data
katepart
kazam
kbd
kbruch
kde-l10n-zhtw
kde-runtime
kde-runtime-data
kdeedu-kvtml-data
kdegames-data
kdelibs-bin
kdelibs5-data
kdelibs5-plugins
kdenlive
kdenlive-data
kdoctools
kerneloops-daemon
keyboard-configuration
kgeography
kgeography-data
khangman
khelpcenter4
kig
klettres
klettres-data
klibc-utils
kmod
krb5-locales
krita
krita-data
kstars
kstars-data
ktouch
ktouch-data
ktuberling
kturtle
kubuntu-debug-installer
kwordquiz
language-pack-gnome-zh-hant
language-pack-gnome-zh-hant-base
language-pack-kde-zh-hant
language-pack-zh-hant
language-pack-zh-hant-base
language-selector-common
language-selector-gnome
laptop-detect
less
lftp
liba52-0.7.4
libaa1
libaacs0
libabiword-3.0
libaccount-plugin-1.0-0
libaccount-plugin-generic-oauth
libaccount-plugin-google
libaccounts-glib0
libaccounts-qt5-1
libaccountsservice0
libacl1
libaio1
libakonadi-kde4
libakonadiprotocolinternals1
libamd2.3.1
libandroid-properties1
libao-common
libao4
libapparmor1
libappindicator1
libappindicator3-1
libapt-inst1.5
libapt-pkg-perl
libapt-pkg4.12
libarchive-extract-perl
libarchive-zip-perl
libarchive13
libart-2.0-2
libasan0
libasn1-8-heimdal
libasound2
libasound2-data
libasound2-plugins
libaspell15
libasprintf-dev
libasprintf0c2
libass4
libassuan0
libastro1
libasyncns0
libatasmart4
libatk-bridge2.0-0
libatk-wrapper-java
libatk-wrapper-java-jni
libatk1.0-0
libatk1.0-data
libatkmm-1.6-1
libatomic1
libatspi2.0-0
libattica0.4
libattr1
libaudio2
libaudit-common
libaudit1
libauthen-pam-perl
libauthen-sasl-perl
libautodie-perl
libav-tools
libavahi-client3
libavahi-common-data
libavahi-common3
libavahi-core7
libavahi-glib1
libavc1394-0
libavcodec54
libavdevice53
libavfilter3
libavformat54
libavresample1
libavutil52
libbabl-0.1-0
libbaloocore4
libbaloofiles4
libbalooxapian4
libbasicusageenvironment0
libbcel-java
libbind9-90
libbit-vector-perl
libblas3
libblkid1
libbluetooth3
libbluray1
libbonobo2-0
libbonobo2-common
libbonoboui2-0
libbonoboui2-common
libboost-date-time1.54.0
libboost-iostreams1.54.0
libboost-program-options1.54.0
libboost-python1.54.0
libboost-system1.54.0
libboost-thread1.54.0
libbrasero-media3-1
libbrlapi0.6
libbsd0
libburn4
libbz2-1.0
libc-bin
libc-dev-bin
libc6
libc6-dbg
libc6-dev
libcaca0
libcairo-gobject2
libcairo-perl
libcairo2
libcairomm-1.0-1
libcamd2.3.1
libcamel-1.2-45
libcanberra-gtk-module
libcanberra-gtk0
libcanberra-gtk3-0
libcanberra-gtk3-module
libcanberra-pulse
libcanberra0
libcap-ng0
libcap2
libcap2-bin
libcarp-clan-perl
libcauchy0.0
libccid
libccolamd2.8.0
libcdaudio1
libcddb2
libcdio-cdda1
libcdio-paranoia1
libcdio13
libcdparanoia0
libcdr-0.0-0
libcfitsio3
libcgmanager0
libchamplain-0.12-0
libchamplain-gtk-0.12-0
libcheese-gtk23
libcheese7
libchewing3
libchewing3-data
libcholmod2.1.2
libchromaprint0
libck-connector0
libclass-accessor-perl
libclass-data-inheritable-perl
libclass-method-modifiers-perl
libcln6
libclone-perl
libcloog-isl4
libclucene-contribs1
libclucene-core1
libclutter-1.0-0
libclutter-1.0-common
libclutter-gst-2.0-0
libclutter-gtk-1.0-0
libcmis-0.4-4
libcogl-common
libcogl-pango15
libcogl15
libcolamd2.8.0
libcollections15-java
libcolord1
libcolorhug1
libcomerr2
libcommon-sense-perl
libcommons-math-java
libcrack2
libcroco3
libcrypt-openssl-bignum-perl
libcrypt-openssl-rsa-perl
libcups2
libcupscgi1
libcupsfilters1
libcupsimage2
libcupsmime1
libcupsppdc1
libcurl3
libcurl3-gnutls
libcwidget3
libdaemon0
libdata-random-perl
libdate-calc-perl
libdate-calc-xs-perl
libdatrie1
libdb5.3
libdbus-1-3
libdbus-glib-1-2
libdbusmenu-glib4
libdbusmenu-gtk3-4
libdbusmenu-gtk4
libdbusmenu-qt2
libdc1394-22
libdca0
libdconf1
libdebconfclient0
libdee-1.0-4
libdevmapper1.02.1
libdigest-crc-perl
libdigest-hmac-perl
libdirac-encoder0
libdirectfb-1.2-9
libdjvulibre-text
libdjvulibre21
libdlrestrictions1
libdns100
libdom4j-java
libdotconf0
libdpkg-perl
libdrm-nouveau2
libdrm-omap1
libdrm-radeon1
libdrm2
libdv4
libdvbpsi8
libdvdnav4
libdvdread4
libebackend-1.2-7
libebml4
libebook-1.2-14
libebook-contacts-1.2-0
libecal-1.2-16
libedata-book-1.2-20
libedata-cal-1.2-23
libedataserver-1.2-18
libedit2
libegl1-mesa
libegl1-mesa-drivers
libelf1
libelfg0
libemail-valid-perl
libenca0
libenchant1c2a
libencode-locale-perl
libept1.4.12
libepub0
libespeak1
libestr0
libevdocument3-4
libevent-2.0-5
libevview3-3
libexempi3
libexif12
libexiv2-12
libexo-1-0
libexo-common
libexo-helpers
libexpat1
libexttextcat-2.0-0
libexttextcat-data
libextutils-depends-perl
libextutils-pkgconfig-perl
libfaad2
libfarstream-0.1-0
libffi6
libfftw3-double3
libfftw3-single3
libfile-basedir-perl
libfile-copy-recursive-perl
libfile-desktopentry-perl
libfile-fcntllock-perl
libfile-listing-perl
libfile-mimeinfo-perl
libfile-which-perl
libflac++6
libflac8
libflite1
libfluidsynth1
libfont-afm-perl
libfontconfig1
libfontembed1
libfontenc1
libframe6
libfreehep-export-java
libfreehep-graphics2d-java
libfreehep-graphicsio-emf-java
libfreehep-graphicsio-java
libfreehep-graphicsio-pdf-java
libfreehep-graphicsio-svg-java
libfreehep-graphicsio-tests-java
libfreehep-io-java
libfreehep-swing-java
libfreehep-util-java
libfreehep-xml-java
libfreerdp1
libfreetype6
libfribidi0
libfs6
libftdi1
libfuse2
libgail-3-0
libgail18
libgarcon-1-0
libgarcon-common
libgavl1
libgbm1
libgc1c2
libgcc-4.8-dev
libgcc1
libgck-1-0
libgconf-2-4
libgconf2-4
libgcr-3-common
libgcr-base-3-1
libgcr-ui-3-1
libgcrypt11
libgd-perl
libgd3
libgdata-common
libgdata13
libgdbm3
libgdk-pixbuf2.0-0
libgdk-pixbuf2.0-common
libgdome2-0
libgdome2-cpp-smart0c2a
libgee2
libgegl-0.2-0
libgeis1
libgeoclue0
libgeoip1
libgetopt-java
libgettextpo-dev
libgettextpo0
libgfortran3
libgif4
libgimp2.0
libgirepository-1.0-1
libgksu2-0
libgl1-mesa-dri
libgl1-mesa-glx
libglade2-0
libglapi-mesa
libgle3
libgles2-mesa
libglib-perl
libglib2.0-0
libglib2.0-bin
libglib2.0-data
libglibmm-2.4-1c2a
libglu1-mesa
libgme0
libgmime-2.6-0
libgmp10
libgnome-bluetooth11
libgnome-desktop-3-7
libgnome-keyring-common
libgnome-keyring0
libgnome-menu-3-0
libgnome2-0
libgnome2-bin
libgnome2-canvas-perl
libgnome2-common
libgnome2-gconf-perl
libgnome2-perl
libgnome2-vfs-perl
libgnome2-wnck-perl
libgnomecanvas2-0
libgnomecanvas2-common
libgnomekbd-common
libgnomekbd8
libgnomeui-0
libgnomeui-common
libgnomevfs2-0
libgnomevfs2-common
libgnomevfs2-extra
libgnu-regexp-java
libgnutls-openssl27
libgnutls26
libgnutls28
libgoa-1.0-0b
libgoa-1.0-common
libgoffice-0.10-10
libgomp1
libgoo-canvas-perl
libgoocanvas-common
libgoocanvas3
libgpg-error0
libgpgme11
libgphoto2-6
libgphoto2-l10n
libgphoto2-port10
libgpm2
libgps20
libgrail6
libgraphite2-3
libgrip0
libgroupsock1
libgs9
libgs9-common
libgsf-1-114
libgsl0ldbl
libgsm1
libgssapi-krb5-2
libgssapi3-heimdal
libgssdp-1.0-3
libgstreamer-perl
libgstreamer-plugins-bad0.10-0
libgstreamer-plugins-base0.10-0
libgstreamer-plugins-base1.0-0
libgstreamer-plugins-good1.0-0
libgstreamer0.10-0
libgstreamer1.0-0
libgtk-3-0
libgtk-3-bin
libgtk-3-common
libgtk2-appindicator-perl
libgtk2-imageview-perl
libgtk2-notify-perl
libgtk2-perl
libgtk2-trayicon-perl
libgtk2-unique-perl
libgtk2.0-0
libgtk2.0-bin
libgtk2.0-common
libgtkglext1
libgtkimageview0
libgtkmathview0c2a
libgtkmm-2.4-1c2a
libgtkmm-3.0-1
libgtksourceview-3.0-1
libgtksourceview-3.0-common
libgtkspell0
libgtop2-7
libgtop2-common
libgucharmap-2-90-7
libgudev-1.0-0
libgupnp-1.0-4
libgupnp-igd-1.0-4
libgusb2
libgutenprint2
libgweather-3-6
libgweather-common
libgxps2
libhamcrest-java
libhardware2
libharfbuzz-icu0
libharfbuzz0b
libhcrypto4-heimdal
libheimbase1-heimdal
libheimntlm0-heimdal
libhogweed2
libhpmud0
libhsqldb1.8.0-java
libhtml-form-perl
libhtml-format-perl
libhtml-parser-perl
libhtml-tagset-perl
libhtml-template-perl
libhtml-tree-perl
libhttp-cookies-perl
libhttp-daemon-perl
libhttp-date-perl
libhttp-message-perl
libhttp-negotiate-perl
libhttp-server-simple-perl
libhunspell-1.3-0
libhx509-5-heimdal
libhybris-common1
libhyphen0
libibus-1.0-5
libical1
libice-dev
libice6
libicu52
libid3tag0
libidl-common
libidl0
libidn11
libido3-0.1-0
libiec61883-0
libieee1284-3
libijs-0.35
libilmbase6
libimobiledevice4
libindi-data
libindi0c
libindicator3-7
libindicator7
libintl-perl
libio-html-perl
libio-pty-perl
libio-socket-inet6-perl
libio-socket-ssl-perl
libio-string-perl
libipc-run-perl
libipc-system-simple-perl
libisc95
libisccc90
libisccfg90
libisl10
libiso9660-8
libisofs6
libiw30
libjack-jackd2-0
libjas-java
libjas-plotter-java
libjasper1
libjavascriptcoregtk-1.0-0
libjavascriptcoregtk-3.0-0
libjaxen-java
libjbig0
libjbig2dec0
libjcommon-java
libjdom1-java
libjemalloc1
libjfreechart-java
libjfugue-java
libjgoodies-common-java
libjgoodies-forms-java
libjibx1.1-java
libjlatexmath-java
libjna-java
libjpeg-progs
libjpeg-turbo-progs
libjpeg-turbo8
libjpeg8
libjson-c2
libjson-glib-1.0-0
libjson-glib-1.0-common
libjson-perl
libjson-xs-perl
libjson0
libjte1
libk3b6
libk5crypto3
libkabc4
libkactivities-bin
libkactivities-models1
libkactivities6
libkate1
libkatepartinterfaces4
libkcalcore4
libkcddb4
libkcmutils4
libkcompactdisc4
libkdcraw-data
libkdcraw23
libkde3support4
libkdeclarative5
libkdecore5
libkdeedu-data
libkdegames6
libkdesu5
libkdeui5
libkdewebkit5
libkdnssd4
libkeduvocdocument4
libkemoticons4
libkeybinder-3.0-0
libkeybinder0
libkeyutils1
libkfile4
libkhtml5
libkidletime4
libkio5
libkjsapi4
libkjsembed4
libkldap4
libklibc
libkmediaplayer4
libkmod2
libknewstuff3-4
libknotifyconfig4
libkntlm4
libkparts4
libkpathsea6
libkprintutils4
libkpty4
libkrb5-26-heimdal
libkrb5-3
libkrb5support0
libkresources4
libkrosscore4
libkrossui4
libktexteditor4
libkubuntu0
libkunitconversion4
libkxmlrpcclient4
liblangtag-common
liblangtag1
liblapack3
liblcms2-2
libldap-2.4-2
libldb1
liblightdm-gobject-1-0
liblink-grammar4
liblircclient0
liblist-moreutils-perl
liblivemedia23
libllvm3.4
liblocale-gettext-perl
liblockfile-bin
liblockfile1
liblog-message-simple-perl
liblog4j1.2-java
libloudmouth1-0
liblqr-1-0
libltdl7
liblua5.1-0
liblua5.2-0
liblwp-mediatypes-perl
liblwp-protocol-https-perl
liblwres90
liblzma5
liblzo2-2
libm2mml0.0
libmad0
libmagic1
libmagick++5
libmagickcore5
libmagickcore5-extra
libmagickwand5
libmailtools-perl
libmarblewidget18
libmatroska6
libmbim-glib0
libmcrypt4
libmeanwhile1
libmessaging-menu0
libmhash2
libmikmod2
libmimic0
libminiupnpc8
libmlt++3
libmlt-data
libmlt6
libmm-glib0
libmms0
libmng2
libmnl0
libmodplug1
libmodule-pluggable-perl
libmount1
libmouse-perl
libmp3lame0
libmpc3
libmpcdec6
libmpdec2
libmpeg2-4
libmpfr4
libmspub-0.0-0
libmtdev1
libmtp-common
libmtp-runtime
libmtp9
libmuparser2
libmusicbrainz5-0
libmysqlclient18
libmythes-1.2-0
libnatpmp1
libnautilus-extension1a
libnb-org-openide-util-java
libnb-org-openide-util-lookup-java
libncurses5
libncursesw5
libneon27-gnutls
libnepomuk4
libnepomukcleaner4
libnepomukcore4abi1
libnepomukquery4a
libnepomukutils4
libnet-dbus-perl
libnet-dns-perl
libnet-domain-tld-perl
libnet-dropbox-api-perl
libnet-http-perl
libnet-ip-perl
libnet-libidn-perl
libnet-oauth-perl
libnet-smtp-ssl-perl
libnet-ssleay-perl
libnetfilter-conntrack3
libnetpbm10
libnettle4
libnewt0.52
libnfnetlink0
libnice10
libnih-dbus1
libnih1
libnl-3-200
libnl-genl-3-200
libnl-route-3-200
libnm-glib-vpn1
libnm-glib4
libnm-gtk-common
libnm-gtk0
libnm-util2
libnotify-bin
libnotify4
libnova-0.14-0
libnspr4
libnss-mdns
libnss3
libnss3-nssdb
libntdb1
libntrack-qt4-1
libntrack0
liboauth0
libofa0
libogg0
liboobs-1-5
libopenal-data
libopenal1
libopenbabel4
libopencore-amrnb0
libopencore-amrwb0
libopencv-core2.4
libopencv-highgui2.4
libopencv-imgproc2.4
libopencv-objdetect2.4
libopenexr6
libopenjpeg2
libopenobex1
libopenvg1-mesa
libopts25
libopus0
liborbit-2-0
liborbit2
liborc-0.4-0
liborcus-0.6-0
libotr5
libots0
libp11-kit-gnome-keyring
libp11-kit0
libpackagekit-glib2-16
libpam-cap
libpam-ck-connector
libpam-gnome-keyring
libpam-modules
libpam-modules-bin
libpam-runtime
libpam-systemd
libpam0g
libpanel-applet-4-0
libpango-1.0-0
libpango-perl
libpango1.0-0
libpangocairo-1.0-0
libpangoft2-1.0-0
libpangomm-1.4-1
libpangox-1.0-0
libpangoxft-1.0-0
libpaper-utils
libpaper1
libparse-debianchangelog-perl
libparted0debian1
libpath-class-perl
libpcap0.8
libpci3
libpciaccess0
libpcre3
libpcsc-perl
libpcsclite1
libpeas-1.0-0
libpeas-common
libperl4-corelibs-perl
libperl5.18
libperlio-gzip-perl
libphonon4
libphononexperimental4
libpipeline1
libpixman-1-0
libplasma3
libplist1
libplymouth2
libpng12-0
libpod-latex-perl
libpolkit-agent-1-0
libpolkit-backend-1-0
libpolkit-gobject-1-0
libpolkit-qt-1-1
libpoppler-glib8
libpoppler-qt4-4
libpoppler44
libpopt0
libportaudio2
libportsmf0
libpostproc52
libproc-processtable-perl
libproc-simple-perl
libprocps3
libproxy-tools
libproxy1
libpthread-stubs0-dev
libpulse-mainloop-glib0
libpulse0
libpulsedsp
libpurple0
libpwquality-common
libpwquality1
libpython-stdlib
libpython2.7
libpython2.7-minimal
libpython2.7-stdlib
libpython3-stdlib
libpython3.4
libpython3.4-minimal
libpython3.4-stdlib
libqalculate5
libqalculate5-data
libqapt2
libqapt2-runtime
libqca2
libqca2-plugin-ossl
libqdox-java
libqextserialport1
libqjson0
libqmi-glib0
libqmobipocket1
libqpdf13
libqrencode3
libqt4-dbus
libqt4-declarative
libqt4-designer
libqt4-help
libqt4-network
libqt4-opengl
libqt4-qt3support
libqt4-script
libqt4-scripttools
libqt4-sql
libqt4-sql-mysql
libqt4-sql-sqlite
libqt4-svg
libqt4-test
libqt4-xml
libqt4-xmlpatterns
libqt5core5a
libqt5dbus5
libqt5gui5
libqt5network5
libqt5opengl5
libqt5positioning5
libqt5printsupport5
libqt5qml5
libqt5quick5
libqt5sensors5
libqt5sql5
libqt5sql5-sqlite
libqt5test5
libqt5webkit5
libqt5widgets5
libqt5xml5
libqtassistantclient4
libqtcore4
libqtdbus4
libqtgui4
libqtlocation1
libqtwebkit4
libquazip0
libquicktime2
libraptor2-0
librarian0
librasqal3
libraw1394-11
libraw9
librdf0
libreadline5
libreadline6
librecad
librecad-data
libreoffice-avmedia-backend-gstreamer
libreoffice-base
libreoffice-base-core
libreoffice-base-drivers
libreoffice-calc
libreoffice-common
libreoffice-core
libreoffice-draw
libreoffice-help-zh-tw
libreoffice-impress
libreoffice-java-common
libreoffice-l10n-zh-tw
libreoffice-math
libreoffice-pdfimport
libreoffice-sdbc-firebird
libreoffice-sdbc-hsqldb
libreoffice-style-galaxy
libreoffice-writer
libresid-builder0c2a
librest-0.7-0
librhino-java
libroken18-heimdal
librsvg2-2
librsvg2-common
librtmp0
libruby1.9.1
librxtx-java
libsamplerate0
libsane
libsane-common
libsane-hpaio
libsasl2-2
libsasl2-modules
libsasl2-modules-db
libsbsms10
libschroedinger-1.0-0
libsdl-image1.2
libsdl-mixer1.2
libsdl-net1.2
libsdl-pango1
libsdl-ttf2.0-0
libsdl1.2debian
libsecret-1-0
libsecret-common
libselinux1
libsemanage-common
libsemanage1
libsensors4
libsepol1
libservlet3.0-java
libsexy2
libshout3
libshp1
libsidplay1
libsidplay2
libsigc++-2.0-0c2a
libsignon-extension1
libsignon-glib1
libsignon-plugins-common1
libsignon-qt5-1
libsigsegv2
libslang2
libslv2-9
libsm-dev
libsm6
libsmbclient
libsndfile1
libsnmp-base
libsnmp30
libsocket6-perl
libsolid4
libsonic0
libsoprano4
libsort-naturally-perl
libsoundtouch0
libsoup-gnome2.4-1
libsoup2.4-1
libsox-fmt-all
libsox-fmt-alsa
libsox-fmt-ao
libsox-fmt-base
libsox-fmt-mp3
libsox-fmt-oss
libsox-fmt-pulse
libsox2
libsoxr0
libspandsp2
libspectre1
libspeechd2
libspeex1
libspeexdsp1
libspnav0
libsqlite3-0
libss2
libssh-4
libssh2-1
libssl1.0.0
libstartup-notification0
libstdc++6
libstreamanalyzer0
libstreams0
libsub-identify-perl
libsub-name-perl
libswscale2
libsystemd-daemon0
libsystemd-journal0
libsystemd-login0
libt1-5
libt4k-common0
libtablelayout-java
libtag1-vanilla
libtag1c2a
libtagc0
libtalloc2
libtar0
libtasn1-6
libtcl8.6
libtdb1
libtelepathy-glib0
libterm-ui-perl
libtevent0
libtext-charwidth-perl
libtext-iconv-perl
libtext-levenshtein-perl
libtext-soundex-perl
libtext-wrapi18n-perl
libthai-data
libthai0
libtheora0
libthreadweaver4
libthunarx-2-0
libtidy-0.99-0
libtie-ixhash-perl
libtiff5
libtimedate-perl
libtimezonemap1
libtinfo5
libtinyxml2.6.2
libtk8.6
libtotem-plparser18
libts-0.0-0
libtumbler-1-0
libtwolame0
libtxc-dxtn-s2tc0
libudev1
libudisks2-0
libumfpack5.6.2
libunique-1.0-0
libunistring0
libunity-control-center1
libunity-protocol-private0
libunity-scopes-json-def-desktop
libunity9
libupnp6
libupower-glib1
liburi-perl
liburl-dispatcher1
libusageenvironment1
libusb-0.1-4
libusb-1.0-0
libusbmuxd2
libustr-1.0-1
libutempter0
libuuid-perl
libuuid1
libv4l-0
libv4lconvert0
libva-x11-1
libva1
libvamp-hostsdk3
libvcdinfo0
libvisio-0.0-0
libvisual-0.4-0
libvisual-0.4-plugins
libvlc5
libvlccore7
libvo-aacenc0
libvo-amrwbenc0
libvorbis0a
libvorbisenc2
libvorbisfile3
libvpx1
libvte-2.90-9
libvte-2.90-common
libvte-common
libvte9
libwacom-common
libwacom2
libwavpack1
libwayland-client0
libwayland-cursor0
libwayland-egl1-mesa
libwayland-server0
libwbclient0
libwcs4
libwebkitgtk-1.0-0
libwebkitgtk-1.0-common
libwebkitgtk-3.0-0
libwebkitgtk-3.0-common
libwebp5
libwebpmux1
libwhoopsie0
libwildmidi-config
libwildmidi1
libwind0-heimdal
libwlocate0
libwmf-bin
libwmf0.2-7
libwnck-3-0
libwnck-3-common
libwnck-common
libwnck22
libwpd-0.9-9
libwpg-0.2-2
libwps-0.2-2
libwrap0
libwv-1.2-4
libwww-mechanize-perl
libwww-perl
libwww-robotrules-perl
libwxbase2.8-0
libwxgtk2.8-0
libx11-6
libx11-data
libx11-dev
libx11-doc
libx11-protocol-perl
libx11-xcb1
libx264-142
libxapian22
libxau-dev
libxau6
libxaw7
libxcb-composite0
libxcb-dri2-0
libxcb-dri3-0
libxcb-glx0
libxcb-icccm4
libxcb-image0
libxcb-keysyms1
libxcb-present0
libxcb-randr0
libxcb-render-util0
libxcb-render0
libxcb-shape0
libxcb-shm0
libxcb-sync1
libxcb-util0
libxcb-xfixes0
libxcb-xkb1
libxcb-xv0
libxcb1
libxcb1-dev
libxcomposite1
libxcursor1
libxdamage1
libxdmcp-dev
libxdmcp6
libxerces2-java
libxext6
libxfce4ui-1-0
libxfce4ui-2-0
libxfce4ui-common
libxfce4ui-utils
libxfce4util-bin
libxfce4util-common
libxfce4util6
libxfcegui4-4
libxfconf-0-2
libxfixes3
libxfont1
libxft2
libxi6
libxinerama1
libxkbcommon-x11-0
libxkbcommon0
libxkbfile1
libxklavier16
libxml-commons-external-java
libxml-commons-resolver1.1-java
libxml-namespacesupport-perl
libxml-parser-perl
libxml-sax-base-perl
libxml-sax-expat-perl
libxml-sax-perl
libxml-simple-perl
libxml-twig-perl
libxml-xpathengine-perl
libxml2
libxml2-utils
libxmu6
libxmuu1
libxom-java
libxp6
libxpm4
libxpp2-java
libxpp3-java
libxrandr2
libxrender1
libxres1
libxshmfence1
libxslt1.1
libxss1
libxt-dev
libxt6
libxtables10
libxtst6
libxv1
libxvidcore4
libxxf86dga1
libxxf86vm1
libyajl2
libyaml-0-2
libyaml-tiny-perl
libyelp0
libzbar0
libzeitgeist-1.0-1
libzeitgeist-2.0-0
libzephyr4
libzip2
libzvbi-common
libzvbi0
light-locker
light-locker-settings
lightdm
lightdm-gtk-greeter
lintian
linux-firmware
linux-libc-dev
linux-sound-base
locales
lockfile-progs
login
logrotate
lp-solve
lsb-base
lsb-release
make
makedev
man-db
manpages
manpages-dev
marble
marble-data
marble-plugins
mathpiper
mawk
mcrypt
melt
menulibre
mime-support
mimetex
mlocate
mobile-broadband-provider-info
modemmanager
module-init-tools
mount
mountall
mousetweaks
mscompress
mugshot
multiarch-support
musescore-soundfont-gm
mysql-client-core-5.5
mysql-common
mysql-server-core-5.5
nautilus
nautilus-data
nautilus-sendto
ncurses-base
ncurses-bin
ncurses-term
nepomuk-core-data
nepomuk-core-runtime
net-tools
netbase
netcat-openbsd
netpbm
network-manager
network-manager-gnome
network-manager-pptp
network-manager-pptp-gnome
notification-daemon
ntfs-3g
ntp
ntpdate
ntrack-module-libnl-0
obex-data-server
obexd-client
onboard
onboard-data
oneconf
oneconf-common
openjdk-7-jdk
openjdk-7-jre
openjdk-7-jre-headless
openprinting-ppds
openshot
openshot-doc
openssh-client
openssh-server
openssh-sftp-server
openssl
oxygen-icon-theme
p11-kit
p11-kit-modules
p7zip-full
parole
partclone
parted
passwd
pastebinit
patch
patchutils
pavucontrol
pciutils
pcmciautils
pcsc-tools
pcscd
perl
perl-base
perl-modules
perlmagick
phonon
phonon-backend-gstreamer
phonon-backend-gstreamer-common
phonon-backend-gstreamer1.0
pidgin-data
pidgin-otr
pkg-config
plasma-scriptengine-javascript
plymouth
plymouth-label
plymouth-theme-ubuntu-text
plymouth-theme-xubuntu-logo
plymouth-theme-xubuntu-text
pm-utils
policykit-1
policykit-1-gnome
policykit-desktop-privileges
poppler-data
poppler-utils
powermgmt-base
ppp
pptp-linux
printer-driver-c2esp
printer-driver-foo2zjs
printer-driver-foo2zjs-common
printer-driver-gutenprint
printer-driver-hpcups
printer-driver-min12xxw
printer-driver-pnm2ppa
printer-driver-postscript-hp
printer-driver-ptouch
printer-driver-pxljr
printer-driver-sag-gdi
printer-driver-splix
procps
psmisc
pulseaudio
pulseaudio-module-x11
pulseaudio-utils
python
python-apt
python-apt-common
python-aptdaemon
python-aptdaemon.gtk3widgets
python-cairo
python-chardet
python-commandnotfound
python-crypto
python-cups
python-cupshelpers
python-dbus
python-dbus-dev
python-debian
python-debtagshw
python-defer
python-dirspec
python-feedparser
python-gconf
python-gdbm
python-gi
python-gi-cairo
python-gnomekeyring
python-gobject
python-gobject-2
python-gtk2
python-httplib2
python-imaging
python-ldb
python-libxml2
python-lxml
python-minimal
python-mlt
python-notify
python-ntdb
python-numpy
python-oauthlib
python-oneconf
python-openssl
python-pam
python-pexpect
python-pil
python-piston-mini-client
python-pkg-resources
python-psutil
python-pyfits
python-pygoocanvas
python-pysqlite2
python-qrtools
python-qt4
python-renderpm
python-reportlab
python-reportlab-accel
python-requests
python-samba
python-serial
python-setuptools
python-sip
python-six
python-smbc
python-support
python-talloc
python-tdb
python-twisted-bin
python-twisted-core
python-twisted-web
python-ubuntu-sso-client
python-urllib3
python-utidylib
python-xapian
python-xdg
python-zbar
python-zeitgeist
python-zope.interface
python2.7
python2.7-minimal
python3
python3-apport
python3-apt
python3-aptdaemon
python3-aptdaemon.gtk3widgets
python3-aptdaemon.pkcompat
python3-cairo
python3-chardet
python3-crypto
python3-dbus
python3-debian
python3-defer
python3-distupgrade
python3-gi
python3-gi-cairo
python3-httplib2
python3-minimal
python3-oauthlib
python3-oneconf
python3-pexpect
python3-piston-mini-client
python3-pkg-resources
python3-problem-report
python3-psutil
python3-pycurl
python3-pyqt4
python3-sip
python3-six
python3-software-properties
python3-uno
python3-update-manager
python3-xdg
python3-xkit
python3.4
python3.4-minimal
qapt-batch
qdbus
qpdf
qrencode
qtchooser
qtcore4-l10n
qtdeclarative4-kqtquickcharts-1
qtqr
rarian-compat
readline-common
recordmydesktop
resolvconf
rfkill
ristretto
rsync
rsyslog
rtkit
ruby
ruby1.9.1
s4a
samba-common
samba-common-bin
samba-libs
sane-utils
scratch
sed
sensible-utils
session-migration
sessioninstaller
sgml-base
sgml-data
shared-desktop-ontologies
shared-mime-info
shimmer-themes
shutter
signon-keyring-extension
signon-plugin-oauth2
signon-ui
signond
simple-scan
simplyhtml
smbclient
software-center
software-center-aptdaemon-plugins
software-properties-common
software-properties-gtk
soprano-daemon
sound-theme-freedesktop
sox
speech-dispatcher
speech-dispatcher-audio-plugins
squeak-plugins-scratch
squeak-vm
ssh
ssh-import-id
ssl-cert
step
sudo
swh-plugins
synaptic
system-config-printer-common
system-config-printer-gnome
system-config-printer-udev
system-tools-backends
systemd-services
systemd-shim
sysv-rc
sysvinit-utils
t1utils
tar
tcl
tcl8.6
tcpd
thunar
thunar-archive-plugin
thunar-data
thunar-media-tags-plugin
thunar-volman
tk
tk8.6
transfig
transmission-common
transmission-gtk
tsconf
ttf-bengali-fonts
ttf-dejavu-core
ttf-devanagari-fonts
ttf-gujarati-fonts
ttf-indic-fonts-core
ttf-kannada-fonts
ttf-oriya-fonts
ttf-punjabi-fonts
ttf-tamil-fonts
ttf-telugu-fonts
ttf-ubuntu-font-family
tumbler
tumbler-common
tuxmath
tuxmath-data
tuxpaint
tuxpaint-data
tuxpaint-plugins-default
tuxpaint-stamps-default
tuxtype
tuxtype-data
tzdata
tzdata-java
ubuntu-drivers-common
ubuntu-edu-primary
ubuntu-extras-keyring
ubuntu-keyring
ubuntu-minimal
ubuntu-release-upgrader-core
ubuntu-release-upgrader-gtk
ubuntu-sso-client
ubuntu-system-service
ucf
udev
udisks2
unattended-upgrades
unity-control-center
unity-control-center-signon
unity-greeter
unity-settings-daemon
uno-libs3
unoconv
unzip
update-inetd
update-manager
update-manager-core
update-notifier
update-notifier-common
upower
upstart
ure
ureadahead
usb-modeswitch
usb-modeswitch-data
usbmuxd
usbutils
util-linux
vcdimager
vim
vim-common
vim-runtime
vim-tiny
vlc
vlc-data
vlc-nox
vlc-plugin-notify
vlc-plugin-pulse
wamerican
wget
whiptail
whoopsie
wireless-regdb
wireless-tools
wodim
wpasupplicant
x11-apps
x11-common
x11-session-utils
x11-utils
x11-xfs-utils
x11-xkb-utils
x11-xserver-utils
x11proto-core-dev
x11proto-input-dev
x11proto-kb-dev
xauth
xbitmaps
xbrlapi
xchat
xchat-common
xchat-indicator
xcursor-themes
xdg-user-dirs
xdg-user-dirs-gtk
xdg-utils
xfburn
xfce4-appfinder
xfce4-cpugraph-plugin
xfce4-dict
xfce4-indicator-plugin
xfce4-mailwatch-plugin
xfce4-netload-plugin
xfce4-notes
xfce4-notes-plugin
xfce4-notifyd
xfce4-panel
xfce4-places-plugin
xfce4-power-manager
xfce4-power-manager-data
xfce4-quicklauncher-plugin
xfce4-screenshooter
xfce4-session
xfce4-settings
xfce4-systemload-plugin
xfce4-taskmanager
xfce4-terminal
xfce4-verve-plugin
xfce4-volumed
xfce4-weather-plugin
xfce4-whiskermenu-plugin
xfce4-xkb-plugin
xfconf
xfdesktop4
xfdesktop4-data
xfonts-base
xfonts-encodings
xfonts-mathml
xfonts-scalable
xfonts-utils
xfwm4
xinit
xinput
xkb-data
xml-core
xorg
xorg-docs-core
xorg-sgml-doctools
xscreensaver
xscreensaver-data
xscreensaver-gl
xserver-common
xserver-xorg
xserver-xorg-core
xserver-xorg-input-all
xserver-xorg-input-evdev
xserver-xorg-input-synaptics
xserver-xorg-input-wacom
xserver-xorg-video-all
xserver-xorg-video-armsoc
xserver-xorg-video-armsoc-exynos
xserver-xorg-video-fbdev
xserver-xorg-video-modesetting
xserver-xorg-video-omap
xserver-xorg-video-vesa
xterm
xtrans-dev
xubuntu-artwork
xubuntu-community-wallpapers
xubuntu-default-settings
xubuntu-desktop
xubuntu-docs
xubuntu-icon-theme
xubuntu-wallpapers
xul-ext-ubufox
xvt
xz-utils
yelp
yelp-xsl
zeitgeist
zeitgeist-core
zeitgeist-datahub
zenity
zenity-common
zip
zlib1g
