a2ps
account-plugin-aim
account-plugin-google
account-plugin-jabber
account-plugin-salut
account-plugin-yahoo
accountsservice
acl
adduser
adwaita-icon-theme
aglfn
aisleriot
akonadi-backend-mysql
akonadi-server
alacarte
alsa-base
alsa-utils
anacron
analitza-common
analitza4-common
anthy
anthy-common
apache2
apache2-bin
apache2-data
apache2-utils
apg
app-install-data
app-install-data-partner
apparmor
apport
apport-gtk
apport-symptoms
apt
apt-clone
apt-offline
apt-show-versions
apt-transport-https
apt-utils
apt-xapian-index
aptdaemon
aptdaemon-data
aptitude
aptitude-common
aptitude-doc-en
apturl
apturl-common
archdetect-deb
arduino
arduino-core
arduino-mighty-1284p
arduino-mk
argyll
argyll-ref
aspell
aspell-af
aspell-ar
aspell-cs
aspell-da
aspell-de
aspell-el
aspell-en
aspell-es
aspell-fr
aspell-ga
aspell-hi
aspell-hu
aspell-id
aspell-is
aspell-it
aspell-kn
aspell-ml
aspell-mr
aspell-nl
aspell-pl
aspell-pt
aspell-pt-br
aspell-pt-pt
aspell-ro
aspell-ru
aspell-sv
aspell-uk
astrometry.net
at-spi2-core
atril
atril-common
audacity
audacity-data
aufs-tools
autoconf
automake
autopoint
autotools-dev
avahi-autoipd
avahi-daemon
avahi-discover
avahi-dnsconfd
avahi-utils
avr-libc
avrdude
bamfdaemon
baobab
base-files
base-passwd
bash
bash-completion
bc
bind9-host
binfmt-support
binutils
binutils-avr
blender
blender-data
blt
bluefish
bluefish-data
bluefish-plugins
blueman
bluetooth
bluez
bluez-cups
bluez-obexd
bluez-tools
bogofilter
bogofilter-bdb
bogofilter-common
brasero
brasero-cdrkit
brasero-common
breeze-icon-theme
brltty
brltty-x11
browser-plugin-gnash
bsdmainutils
bsdutils
btrfs-tools
build-essential
busybox-initramfs
busybox-static
bzip2
ca-certificates
ca-certificates-java
cabextract
caja
caja-common
caja-extensions-common
caja-gksu
caja-open-terminal
caja-sendto
caja-wallpaper
calibre
calibre-bin
calligra-data
calligra-l10n-cs
calligra-l10n-da
calligra-l10n-de
calligra-l10n-el
calligra-l10n-es
calligra-l10n-fi
calligra-l10n-fr
calligra-l10n-hu
calligra-l10n-it
calligra-l10n-nb
calligra-l10n-nl
calligra-l10n-pl
calligra-l10n-pt
calligra-l10n-ptbr
calligra-l10n-ru
calligra-l10n-sv
calligra-l10n-uk
calligra-l10n-zhcn
calligra-l10n-zhtw
calligraplan
cgmanager
cheese-common
colord
colord-data
command-not-found
command-not-found-data
compiz
compiz-core
compiz-gnome
compiz-mate
compiz-plugins
compiz-plugins-default
console-setup
console-setup-linux
coreutils
cpio
cpp
cpp-4.9
cpp-5
cpufrequtils
cracklib-runtime
crda
cron
cryptsetup-bin
cups
cups-browsed
cups-bsd
cups-client
cups-common
cups-core-drivers
cups-daemon
cups-filters
cups-filters-core-drivers
cups-pk-helper
cups-ppdc
cups-server-common
curl
dash
dbus
dbus-x11
dc
dconf-cli
dconf-editor
dconf-gsettings-backend
dconf-service
debconf
debconf-i18n
debian-archive-keyring
debianutils
default-jre
default-jre-headless
deja-dup
deja-dup-backend-cloudfiles
deja-dup-backend-gvfs
deja-dup-backend-s3
deja-dup-caja
desktop-file-utils
devio
dh-python
dialog
dictionaries-common
diffstat
diffutils
dmeventd
dmidecode
dmraid
dmsetup
dmz-cursor-theme
dnsmasq-base
dnsutils
docbook-xml
docbook-xsl
dosfstools
dpkg
dpkg-dev
dpkg-repack
duplicity
dvd+rw-tools
e2fslibs
e2fsprogs
ecryptfs-utils
ed
eject
emacsen-common
empathy
empathy-common
enchant
engrampa
engrampa-common
eom
eom-common
espeak
espeak-data
ethtool
evolution-data-server
evolution-data-server-common
evolution-data-server-online-accounts
exfat-fuse
exfat-utils
extra-xdg-menus
f2fs-tools
fake-hwclock
fakeroot
fbset
fcitx
fcitx-bin
fcitx-chewing
fcitx-config-common
fcitx-config-gtk
fcitx-data
fcitx-frontend-all
fcitx-frontend-gtk2
fcitx-frontend-gtk3
fcitx-frontend-qt4
fcitx-frontend-qt5
fcitx-module-cloudpinyin
fcitx-module-dbus
fcitx-module-kimpanel
fcitx-module-lua
fcitx-module-x11
fcitx-modules
fcitx-pinyin
fcitx-sunpinyin
fcitx-table
fcitx-table-cangjie
fcitx-table-wubi
fcitx-ui-classic
fcitx-ui-qimpanel
ffmpeg
ffmpegthumbnailer
file
findutils
firefox
firefox-locale-en
firefox-locale-zh-hans
firefox-locale-zh-hant
flash-kernel
folder-color-caja
folder-color-common
folks-common
fontconfig
fontconfig-config
fonts-arphic-ukai
fonts-arphic-uming
fonts-dejavu-core
fonts-dejavu-extra
fonts-droid
fonts-freefont-ttf
fonts-guru
fonts-guru-extra
fonts-kacst
fonts-kacst-one
fonts-khmeros-core
fonts-lao
fonts-liberation
fonts-lklug-sinhala
fonts-lohit-guru
fonts-mathjax
fonts-nanum
fonts-opendyslexic
fonts-opensymbol
fonts-sil-abyssinica
fonts-sil-padauk
fonts-takao-pgothic
fonts-thai-tlwg
fonts-tibetan-machine
fonts-tlwg-garuda
fonts-tlwg-kinnari
fonts-tlwg-laksaman
fonts-tlwg-loma
fonts-tlwg-mono
fonts-tlwg-norasi
fonts-tlwg-purisa
fonts-tlwg-sawasdee
fonts-tlwg-typewriter
fonts-tlwg-typist
fonts-tlwg-typo
fonts-tlwg-umpush
fonts-tlwg-waree
foomatic-db-compressed-ppds
friendly-recovery
ftp
fuse
g++
g++-5
galculator
gawk
gcc
gcc-4.9-base
gcc-5
gcc-5-base
gcc-avr
gconf-service
gconf-service-backend
gconf2
gconf2-common
gcr
gdebi
gdebi-core
gdisk
genisoimage
geoclue
geoclue-ubuntu-geoip
geoip-database
gettext
gettext-base
ghostscript
ghostscript-x
gir1.2-appindicator3-0.1
gir1.2-atk-1.0
gir1.2-atspi-2.0
gir1.2-caja
gir1.2-freedesktop
gir1.2-gconf-2.0
gir1.2-gdkpixbuf-2.0
gir1.2-glib-2.0
gir1.2-gmenu-3.0
gir1.2-gnomekeyring-1.0
gir1.2-gst-plugins-base-1.0
gir1.2-gstreamer-1.0
gir1.2-gtk-2.0
gir1.2-gtk-3.0
gir1.2-ibus-1.0
gir1.2-javascriptcoregtk-3.0
gir1.2-json-1.0
gir1.2-mate-panel
gir1.2-notify-0.7
gir1.2-packagekitglib-1.0
gir1.2-pango-1.0
gir1.2-peas-1.0
gir1.2-rb-3.0
gir1.2-secret-1
gir1.2-soup-2.4
gir1.2-timezonemap-1.0
gir1.2-vte-2.91
gir1.2-webkit-3.0
gir1.2-wnck-3.0
gir1.2-xkl-1.0
gkbd-capplet
gksu
glib-networking
glib-networking-common
glib-networking-services
gnash
gnash-common
gnome-bluetooth
gnome-contacts
gnome-control-center-shared-data
gnome-desktop3-data
gnome-icon-theme
gnome-icon-theme-symbolic
gnome-keyring
gnome-menus
gnome-orca
gnome-session-bin
gnome-session-canberra
gnome-settings-daemon-schemas
gnome-system-tools
gnome-user-share
gnupg
gparted
gpgv
grep
groff-base
growisofs
gsettings-desktop-schemas
gsettings-ubuntu-schemas
gsfonts
gstreamer0.10-alsa
gstreamer0.10-nice
gstreamer0.10-plugins-base
gstreamer0.10-plugins-good
gstreamer0.10-pulseaudio
gstreamer1.0-alsa
gstreamer1.0-clutter
gstreamer1.0-nice
gstreamer1.0-plugins-base
gstreamer1.0-plugins-good
gstreamer1.0-pulseaudio
gstreamer1.0-tools
gstreamer1.0-x
gtk2-engines
gtk2-engines-murrine
gtk2-engines-pixbuf
gucharmap
gufw
guile-2.0-libs
guvcview
gvfs
gvfs-backends
gvfs-bin
gvfs-common
gvfs-daemons
gvfs-fuse
gvfs-libs
gzip
hardening-includes
hddtemp
hdparm
heirloom-mailx
hexchat
hexchat-common
hexchat-perl
hexchat-plugins
hexchat-python
hicolor-icon-theme
hostname
hplip
hplip-data
humanity-icon-theme
hunspell-en-ca
hunspell-en-us
hwdata
hyphen-en-us
i2c-tools
ibus
ibus-chewing
ibus-pinyin
icedtea-7-jre-jamvm
icoutils
ideviceinstaller
ifupdown
ifuse
im-config
imagemagick
imagemagick-6.q16
imagemagick-common
indicator-application
indicator-application-gtk2
indicator-bluetooth
indicator-datetime
indicator-keyboard
indicator-power
indicator-sound
indicator-sound-gtk2
info
init
init-system-helpers
initramfs-tools
initramfs-tools-bin
initscripts
inputattach
insserv
install-info
intltool
intltool-debian
inxi
ippusbxd
iproute
iproute2
iptables
iputils-ping
iputils-tracepath
irqbalance
isc-dhcp-client
isc-dhcp-common
iso-codes
iw
jackd
jackd2
java-common
javascript-common
kactivities
kate-data
katepart
kbd
kde-l10n-cs
kde-l10n-da
kde-l10n-de
kde-l10n-el
kde-l10n-es
kde-l10n-fi
kde-l10n-fr
kde-l10n-hu
kde-l10n-it
kde-l10n-nb
kde-l10n-nl
kde-l10n-pl
kde-l10n-pt
kde-l10n-ptbr
kde-l10n-ru
kde-l10n-sv
kde-l10n-uk
kde-l10n-zhcn
kde-l10n-zhtw
kde-runtime
kde-runtime-data
kde-style-breeze
kde-style-breeze-qt4
kdelibs-bin
kdelibs5-data
kdelibs5-plugins
kdoctools
kerneloops-daemon
keyboard-configuration
keyutils
klibc-utils
kmod
kpackagelauncherqml
kpackagetool5
kpartx
kpartx-boot
krb5-locales
kubuntu-debug-installer
kwayland-data
kwayland-integration
language-pack-en
language-pack-en-base
language-pack-gnome-en
language-pack-gnome-en-base
language-pack-gnome-zh-hans
language-pack-gnome-zh-hans-base
language-pack-gnome-zh-hant
language-pack-gnome-zh-hant-base
language-pack-zh-hans
language-pack-zh-hans-base
language-pack-zh-hant
language-pack-zh-hant-base
language-selector-common
language-selector-gnome
laptop-detect
less
liba52-0.7.4
libaa1
libabw-0.1-1
libabw-0.1-1v5
libaccount-plugin-1.0-0
libaccount-plugin-generic-oauth
libaccount-plugin-google
libaccounts-glib0
libaccounts-qt5-1
libaccountsservice0
libacl1
libaio1
libakonadi-contact4
libakonadi-kde4
libakonadiprotocolinternals1
libalgorithm-c3-perl
libalgorithm-diff-perl
libalgorithm-diff-xs-perl
libalgorithm-merge-perl
libanthy0
libapparmor-perl
libapparmor1
libappindicator1
libappindicator3-1
libapr1
libaprutil1
libaprutil1-dbd-sqlite3
libaprutil1-ldap
libapt-inst1.5
libapt-inst1.7
libapt-pkg-perl
libapt-pkg4.12
libapt-pkg4.16
libarchive-extract-perl
libarchive-zip-perl
libarchive13
libart-2.0-2
libasan2
libasn1-8-heimdal
libasound2
libasound2-data
libasound2-plugins
libaspell15
libasprintf-dev
libasprintf0v5
libass5
libassuan0
libasyncns0
libatasmart4
libatk-adaptor
libatk-bridge2.0-0
libatk-wrapper-java
libatk-wrapper-java-jni
libatk1.0-0
libatk1.0-data
libatkmm-1.6-1
libatkmm-1.6-1v5
libatm1
libatomic1
libatrildocument3
libatrilview3
libatspi2.0-0
libattica0.4
libattr1
libaudio2
libaudit-common
libaudit1
libauthen-sasl-perl
libavahi-client3
libavahi-common-data
libavahi-common3
libavahi-compat-libdnssd1
libavahi-core7
libavahi-glib1
libavahi-gobject0
libavc1394-0
libavcodec-ffmpeg56
libavcodec56
libavdevice-ffmpeg56
libavfilter-ffmpeg5
libavformat-ffmpeg56
libavformat56
libavresample-ffmpeg2
libavresample2
libavutil-ffmpeg54
libavutil54
libb-hooks-endofscope-perl
libb-hooks-op-check-perl
libbamf3-2
libbareword-filehandles-perl
libbasicusageenvironment0
libbind9-90
libblas-common
libblas3
libblkid1
libbluetooth3
libbluray1
libboost-date-time1.55.0
libboost-date-time1.58.0
libboost-filesystem1.55.0
libboost-filesystem1.58.0
libboost-iostreams1.55.0
libboost-iostreams1.58.0
libboost-locale1.58.0
libboost-program-options1.58.0
libboost-regex1.58.0
libboost-system1.55.0
libboost-system1.58.0
libboost-thread1.58.0
libbrasero-media3-1
libbrlapi0.6
libbs2b0
libbsd0
libburn4
libbz2-1.0
libc-bin
libc-dev-bin
libc6
libc6-dev
libcaca0
libcairo-gobject2
libcairo-perl
libcairo2
libcairomm-1.0-1
libcairomm-1.0-1v5
libcaja-extension1
libcamel-1.2-52
libcanberra-gtk-module
libcanberra-gtk0
libcanberra-gtk3-0
libcanberra-gtk3-module
libcanberra-pulse
libcanberra0
libcap-ng0
libcap2
libcap2-bin
libcauchy0.0v5
libcc1-0
libcddb2
libcdio-cdda1
libcdio-paranoia1
libcdio13
libcdparanoia0
libcdr-0.1-1
libcdr-0.1-1v5
libcfitsio2
libcgi-fast-perl
libcgi-pm-perl
libcgmanager0
libchamplain-0.12-0
libcheese-gtk23
libcheese7
libchewing3
libchewing3-data
libchm1
libchromaprint0
libck-connector0
libclass-accessor-perl
libclass-c3-perl
libclass-c3-xs-perl
libclass-method-modifiers-perl
libclass-xsaccessor-perl
libclone-perl
libcloog-isl4
libclucene-contribs1
libclucene-contribs1v5
libclucene-core1
libclucene-core1v5
libclutter-1.0-0
libclutter-1.0-common
libclutter-gst-2.0-0
libclutter-gtk-1.0-0
libcmis-0.5-5
libcmis-0.5-5v5
libcogl-common
libcogl-pango20
libcogl-path20
libcogl20
libcolamd2.8.0
libcolord2
libcolorhug2
libcomerr2
libcompizconfig0
libconfuse-common
libconfuse0
libcpan-changes-perl
libcpan-meta-perl
libcpufreq0
libcrack2
libcroco3
libcryptsetup4
libcups2
libcupscgi1
libcupsfilters1
libcupsimage2
libcupsmime1
libcupsppdc1
libcurl3
libcurl3-gnutls
libcwidget3
libcwidget3v5
libcwiid1
libdaemon0
libdata-optlist-perl
libdata-perl-perl
libdata-section-perl
libdatrie1
libdb5.3
libdbus-1-3
libdbus-glib-1-2
libdbusmenu-glib4
libdbusmenu-gtk3-4
libdbusmenu-gtk4
libdbusmenu-qt2
libdbusmenu-qt5
libdc1394-22
libdca0
libdconf1
libdebconfclient0
libdebian-installer4
libdecoration0
libdee-1.0-4
libdevel-caller-perl
libdevel-globaldestruction-perl
libdevel-lexalias-perl
libdevmapper-event1.02.1
libdevmapper1.02.1
libdigest-hmac-perl
libdirectfb-1.2-9
libdjvulibre-text
libdjvulibre21
libdlrestrictions1
libdmapsharing-3.0-2
libdmraid1.0.0.rc16
libdmtx0a
libdns-export100
libdns100
libdotconf0
libdouble-conversion1v5
libdpkg-perl
libdrm-amdgpu1
libdrm-freedreno1
libdrm-nouveau2
libdrm-radeon1
libdrm2
libdv4
libdvbpsi10
libdvbpsi9
libdvdnav4
libdvdread4
libdw1
libe-book-0.1-1
libebackend-1.2-10
libebml4
libebml4v5
libebook-1.2-16
libebook-contacts-1.2-1
libecal-1.2-18
libecryptfs0
libecryptfs1
libedata-book-1.2-25
libedata-cal-1.2-27
libedataserver-1.2-20
libedataserverui-1.2-1
libedit2
libegl1-mesa
libegl1-mesa-drivers
libelf1
libemail-valid-perl
libenca0
libenchant1c2a
libencode-locale-perl
libeot0
libepoxy0
libespeak1
libestr0
libetonyek-0.1-1
libevdev2
libevent-2.0-5
libexempi3
libexif12
libexiv2-13
libexiv2-14
libexpat1
libexpat1-dev
libexporter-tiny-perl
libexttextcat-2.0-0
libexttextcat-data
libfaad2
libfakekey0
libfakeroot
libfam0
libfarstream-0.1-0
libfarstream-0.2-5
libfcgi-perl
libfcitx-config4
libfcitx-core0
libfcitx-gclient0
libfcitx-qt0
libfcitx-qt5-1
libfcitx-utils0
libfdisk1
libffi6
libffmpegthumbnailer4v5
libfftw3-double3
libfftw3-single3
libfile-basedir-perl
libfile-copy-recursive-perl
libfile-fcntllock-perl
libfile-listing-perl
libfile-slurp-perl
libflac++6v5
libflac8
libflite1
libfluidsynth1
libfolks-eds25
libfolks-telepathy25
libfolks25
libfontconfig1
libfontembed1
libfontenc1
libfreehand-0.1-1
libfreerdp-cache1.1
libfreerdp-client1.1
libfreerdp-codec1.1
libfreerdp-common1.1.0
libfreerdp-core1.1
libfreerdp-crypto1.1
libfreerdp-gdi1.1
libfreerdp-locale1.1
libfreerdp-primitives1.1
libfreerdp-utils1.1
libfreetype6
libfribidi0
libftdi1
libfuse2
libgail-common
libgail18
libgbm1
libgc1c2
libgcc-5-dev
libgcc1
libgck-1-0
libgconf-2-4
libgcr-3-common
libgcr-base-3-1
libgcr-ui-3-1
libgcrypt20
libgd3
libgdata-common
libgdata22
libgdbm3
libgdk-pixbuf2.0-0
libgdk-pixbuf2.0-common
libgee-0.8-2
libgee2
libgeoclue0
libgeocode-glib0
libgeoip1
libgetopt-long-descriptive-perl
libgettextpo-dev
libgettextpo0
libgexiv2-2
libgfortran3
libgif4
libgirepository-1.0-1
libgksu2-0
libgl1-mesa-dri
libgl1-mesa-glx
libglade2-0
libglapi-mesa
libgles1-mesa
libgles2-mesa
libglew1.10
libglib-perl
libglib2.0-0
libglib2.0-bin
libglib2.0-data
libglibmm-2.4-1c2a
libglibmm-2.4-1v5
libglu1-mesa
libgme0
libgmime-2.6-0
libgmp10
libgnome-bluetooth11
libgnome-bluetooth13
libgnome-control-center1
libgnome-desktop-3-10
libgnome-keyring-common
libgnome-keyring0
libgnome-menu-3-0
libgnomekbd-common
libgnomekbd8
libgnomevfs2-0
libgnomevfs2-common
libgnutls-deb0-28
libgnutls-openssl27
libgoa-1.0-0b
libgoa-1.0-common
libgomp1
libgpg-error0
libgpgme11
libgphoto2-6
libgphoto2-l10n
libgphoto2-port10
libgphoto2-port12
libgpm2
libgpod-common
libgpod4
libgraphite2-3
libgrilo-0.2-1
libgroupsock1
libgs9
libgs9-common
libgsl0ldbl
libgsm1
libgssapi-krb5-2
libgssapi3-heimdal
libgssdp-1.0-3
libgstreamer-plugins-base0.10-0
libgstreamer-plugins-base1.0-0
libgstreamer-plugins-good1.0-0
libgstreamer0.10-0
libgstreamer1.0-0
libgtk-3-0
libgtk-3-bin
libgtk-3-common
libgtk2-perl
libgtk2.0-0
libgtk2.0-bin
libgtk2.0-common
libgtkmm-2.4-1c2a
libgtkmm-2.4-1v5
libgtksourceview2.0-0
libgtksourceview2.0-common
libgtkspell0
libgtop2-10
libgtop2-common
libgucharmap-2-90-7
libgudev-1.0-0
libgupnp-1.0-4
libgupnp-igd-1.0-4
libgusb2
libgutenprint2
libguvcview-1.0-0
libguvcview-1.1-1
libgweather-3-6
libgweather-common
libgxps2
libharfbuzz-icu0
libharfbuzz0b
libhcrypto4-heimdal
libheimbase1-heimdal
libheimntlm0-heimdal
libhogweed2
libhogweed4
libhpmud0
libhtml-parser-perl
libhtml-tagset-perl
libhtml-tree-perl
libhttp-cookies-perl
libhttp-date-perl
libhttp-message-perl
libhttp-negotiate-perl
libhunspell-1.3-0
libhunspell-1.3-0v5
libhx509-5-heimdal
libhyphen0
libibus-1.0-5
libical1a
libice6
libicu52
libicu55
libid3tag0
libidn11
libido-0.1-0
libido3-0.1-0
libiec61883-0
libieee1284-3
libijs-0.35
libilmbase12
libimobiledevice-utils
libimobiledevice4
libimport-into-perl
libindicator3-7
libindicator7
libindirect-perl
libinput10
libio-html-perl
libio-pty-perl
libio-socket-inet6-perl
libio-socket-ssl-perl
libio-string-perl
libio-stringy-perl
libipc-run-perl
libipc-system-simple-perl
libirs-export91
libisc-export95
libisc95
libisccc90
libisccfg-export90
libisccfg90
libisl13
libiso9660-8
libisofs6
libiw30
libjack-jackd2-0
libjasper1
libjavascriptcoregtk-1.0-0
libjavascriptcoregtk-3.0-0
libjbig0
libjbig2dec0
libjemalloc1
libjna-java
libjna-jni
libjpeg-turbo8
libjpeg8
libjs-jquery
libjs-jquery-ui
libjs-mathjax
libjs-prettify
libjs-sphinxdoc
libjs-underscore
libjson-c2
libjson-glib-1.0-0
libjson-glib-1.0-common
libjte1
libk5crypto3
libkabc4
libkactivities6
libkate1
libkatepartinterfaces4
libkcalcore4
libkcmutils4
libkde3support4
libkdeclarative5
libkdecore5
libkdesu5
libkdeui5
libkdewebkit5
libkdnssd4
libkemoticons4
libkeyutils1
libkf5activities5
libkf5akonadiprivate5
libkf5archive5
libkf5attica5
libkf5auth-data
libkf5auth5
libkf5codecs-data
libkf5codecs5
libkf5completion-data
libkf5completion5
libkf5config-bin
libkf5config-data
libkf5configcore5
libkf5configgui5
libkf5configwidgets-data
libkf5configwidgets5
libkf5coreaddons-data
libkf5coreaddons5
libkf5crash5
libkf5dbusaddons-bin
libkf5dbusaddons-data
libkf5dbusaddons5
libkf5declarative-data
libkf5declarative5
libkf5globalaccel-bin
libkf5globalaccel-data
libkf5globalaccel5
libkf5globalaccelprivate5
libkf5guiaddons5
libkf5i18n-data
libkf5i18n5
libkf5iconthemes-bin
libkf5iconthemes-data
libkf5iconthemes5
libkf5idletime5
libkf5itemviews-data
libkf5itemviews5
libkf5jobwidgets-data
libkf5jobwidgets5
libkf5kiocore5
libkf5kiowidgets5
libkf5notifications-data
libkf5notifications5
libkf5package-data
libkf5package5
libkf5plasma5
libkf5plasmaquick5
libkf5quickaddons5
libkf5service-bin
libkf5service-data
libkf5service5
libkf5sonnet5-data
libkf5sonnetcore5
libkf5sonnetui5
libkf5style5
libkf5textwidgets-data
libkf5textwidgets5
libkf5waylandclient5
libkf5widgetsaddons-data
libkf5widgetsaddons5
libkf5windowsystem-data
libkf5windowsystem5
libkf5xmlgui-bin
libkf5xmlgui-data
libkf5xmlgui5
libkfile4
libkhtml5
libkio5
libkjsapi4
libkjsembed4
libkldap4
libklibc
libkmediaplayer4
libkmime4
libkmod2
libknewstuff3-4
libknotifyconfig4
libkntlm4
libkparts4
libkpathsea6
libkpimutils4
libkpty4
libkrb5-26-heimdal
libkrb5-3
libkrb5support0
libkresources4
libkrosscore4
libkrossui4
libktexteditor4
libkxmlrpcclient4
liblangtag-common
liblangtag1
liblapack3
liblcms2-2
liblcms2-utils
libldap-2.4-2
libldb1
liblexical-sealrequirehints-perl
liblightdm-gobject-1-0
liblircclient0
liblist-moreutils-perl
liblivemedia23
libllvm3.6
libllvm3.6v5
liblocale-gettext-perl
liblockfile-bin
liblockfile1
liblog-message-perl
liblog-message-simple-perl
liblouis-data
liblouis2
liblqr-1-0
libltdl7
liblua5.1-0
liblua5.2-0
liblvm2cmd2.02
liblwp-mediatypes-perl
liblwp-protocol-https-perl
liblwres90
liblzma5
liblzo2-2
libm2mml0.0v5
libmad0
libmagic1
libmagickcore-6.q16-2
libmagickcore-6.q16-2-extra
libmagickwand-6.q16-2
libmailtools-perl
libmarco-private0
libmate-desktop-2-17
libmate-menu2
libmate-panel-applet-4-1
libmate-sensors-applet-plugin0
libmate-slab0
libmate-window-settings1
libmatedict6
libmatekbd-common
libmatekbd4
libmatemixer-common
libmatemixer0
libmateweather-common
libmateweather1
libmatroska6
libmatroska6v5
libmbim-glib4
libmbim-proxy
libmeanwhile1
libmessaging-menu0
libmetacity-private2
libmetacity-private3
libmhash2
libmikmod3
libminiupnpc10
libmirclient8
libmirclient9
libmircommon3
libmircommon5
libmirprotobuf0
libmirprotobuf3
libmission-control-plugins0
libmm-glib0
libmng2
libmnl0
libmodplug1
libmodule-build-perl
libmodule-implementation-perl
libmodule-pluggable-perl
libmodule-runtime-perl
libmodule-signature-perl
libmoo-perl
libmoox-handlesvia-perl
libmount1
libmp3lame0
libmpc3
libmpcdec6
libmpdec2
libmpeg2-4
libmpfr4
libmpg123-0
libmro-compat-perl
libmspack0
libmspub-0.1-1
libmtdev1
libmtp-common
libmtp-runtime
libmtp9
libmultidimensional-perl
libmwaw-0.3-3
libmwaw-0.3-3v5
libmysqlclient18
libmythes-1.2-0
libnamespace-autoclean-perl
libnamespace-clean-perl
libnatpmp1
libnautilus-extension1a
libncurses5
libncursesw5
libndp0
libneon27-gnutls
libnet-dbus-perl
libnet-dns-perl
libnet-domain-tld-perl
libnet-http-perl
libnet-ip-perl
libnet-smtp-ssl-perl
libnet-ssleay-perl
libnetfilter-conntrack3
libnetpbm10
libnettle4
libnettle6
libnewt0.52
libnfnetlink0
libnice10
libnih-dbus1
libnih1
libnl-3-200
libnl-genl-3-200
libnl-route-3-200
libnm-glib-vpn1
libnm-glib4
libnm-gtk-common
libnm-gtk0
libnm-util2
libnm0
libnotify-bin
libnotify4
libnspr4
libnss-mdns
libnss3
libnss3-1d
libnss3-nssdb
libntdb1
libntrack-qt4-1
libntrack0
liboauth0
libodfgen-0.1-1
libodfgen-0.1-1v5
libogg0
liboobs-1-5
libopenal-data
libopenal1
libopencc1
libopencolorio1v5
libopencv-core2.4v5
libopencv-highgui2.4v5
libopencv-imgproc2.4v5
libopenexr22
libopenimageio1.5v5
libopenjpeg5
libopenobex1
libopts25
libopus0
liborc-0.4-0
liborcus-0.10-0v5
libotr5
libp11-kit-gnome-keyring
libp11-kit0
libpackage-constants-perl
libpackage-stash-perl
libpackage-stash-xs-perl
libpackagekit-glib2-16
libpadwalker-perl
libpagemaker-0.0-0
libpam-gnome-keyring
libpam-modules
libpam-modules-bin
libpam-runtime
libpam-systemd
libpam0g
libpango-1.0-0
libpango-perl
libpango1.0-0
libpangocairo-1.0-0
libpangoft2-1.0-0
libpangomm-1.4-1
libpangomm-1.4-1v5
libpangox-1.0-0
libpangoxft-1.0-0
libpaper-utils
libpaper1
libparams-classify-perl
libparams-util-perl
libparams-validate-perl
libparse-debianchangelog-perl
libparted-fs-resize0
libparted2
libpath-tiny-perl
libpcap0.8
libpci3
libpciaccess0
libpcre16-3
libpcre3
libpcsclite1
libpeas-1.0-0
libpeas-common
libperl5.20
libperlio-gzip-perl
libpgm-5.1-0
libphonon4
libphonon4qt5-4
libphononexperimental4
libpipeline1
libpixman-1-0
libplank-common
libplank0
libplasma3
libplist-utils
libplist2
libplist3
libplymouth4
libpng12-0
libpod-latex-perl
libpod-markdown-perl
libpod-readme-perl
libpodofo0.9.0v5
libpolkit-agent-1-0
libpolkit-backend-1-0
libpolkit-gobject-1-0
libpolkit-qt-1-1
libpolkit-qt5-1-1
libpoppler-glib8
libpoppler49
libpoppler52
libpopt0
libportaudio2
libportmidi0
libportsmf0v5
libpostproc-ffmpeg53
libpostproc52
libpresage-data
libpresage1
libprison0
libprocps3
libprotobuf-lite9v5
libprotobuf9
libprotobuf9v5
libproxy-tools
libproxy1
libproxy1-plugin-gsettings
libproxy1-plugin-networkmanager
libproxy1v5
libpulse-mainloop-glib0
libpulse0
libpulsedsp
libpurple-bin
libpurple0
libpwquality-common
libpwquality1
libpython-dev
libpython-stdlib
libpython2.7
libpython2.7-dev
libpython2.7-minimal
libpython2.7-stdlib
libpython3-dev
libpython3-stdlib
libpython3.4
libpython3.4-dev
libpython3.4-minimal
libpython3.4-stdlib
libpython3.5-minimal
libpython3.5-stdlib
libpyzy-1.0-0v5
libqapt3
libqapt3-runtime
libqca2-plugin-ossl
libqca2-plugins
libqca2v5
libqjson0
libqmi-glib1
libqmi-proxy
libqpdf13
libqpdf13v5
libqrencode3
libqscintilla2-11
libqscintilla2-l10n
libqt4-dbus
libqt4-declarative
libqt4-designer
libqt4-help
libqt4-network
libqt4-opengl
libqt4-qt3support
libqt4-script
libqt4-scripttools
libqt4-sql
libqt4-svg
libqt4-test
libqt4-xml
libqt4-xmlpatterns
libqt5clucene5
libqt5core5a
libqt5dbus5
libqt5designer5
libqt5gui5
libqt5help5
libqt5network5
libqt5opengl5
libqt5printsupport5
libqt5qml5
libqt5quick5
libqt5quickwidgets5
libqt5script5
libqt5sql5
libqt5sql5-mysql
libqt5sql5-sqlite
libqt5svg5
libqt5test5
libqt5waylandclient5
libqt5webkit5
libqt5widgets5
libqt5x11extras5
libqt5xml5
libqtassistantclient4
libqtcore4
libqtdbus4
libqtgui4
libqtwebkit4
libquvi-scripts
libquvi7
libraptor2-0
libraspberrypi-bin-nonfree
libraspberrypi-dev
libraspberrypi0
librasqal3
libraw10
libraw1394-11
librdf0
libreadline5
libreadline6
libregexp-common-perl
libreoffice-avmedia-backend-gstreamer
libreoffice-base-core
libreoffice-calc
libreoffice-common
libreoffice-core
libreoffice-draw
libreoffice-gnome
libreoffice-gtk
libreoffice-help-en-gb
libreoffice-help-en-us
libreoffice-help-zh-cn
libreoffice-help-zh-tw
libreoffice-impress
libreoffice-l10n-en-gb
libreoffice-l10n-en-za
libreoffice-l10n-zh-cn
libreoffice-l10n-zh-tw
libreoffice-math
libreoffice-ogltrans
libreoffice-pdfimport
libreoffice-style-galaxy
libreoffice-style-human
libreoffice-writer
libresid-builder0c2a
librest-0.7-0
librevenge-0.0-0
librhythmbox-core8
librhythmbox-core9
libroken18-heimdal
librole-tiny-perl
librsvg2-2
librsvg2-common
librsync1
librtimulib-utils
librtimulib7
librtmp1
libruby2.1
librxtx-java
libsamplerate0
libsane
libsane-common
libsane-hpaio
libsasl2-2
libsasl2-modules
libsasl2-modules-db
libsbc1
libsbsms10
libschroedinger-1.0-0
libscsynth1
libsctp1
libsdl-image1.2
libsdl-mixer1.2
libsdl-ttf2.0-0
libsdl1.2debian
libsdl2-2.0-0
libseccomp2
libsecret-1-0
libsecret-common
libselinux1
libsemanage-common
libsemanage1
libsensors4
libsepol1
libsgutils2-2
libshine3
libshout3
libsidplay2
libsidplay2v5
libsigc++-2.0-0c2a
libsigc++-2.0-0v5
libsignon-extension1
libsignon-glib1
libsignon-plugins-common1
libsignon-qt5-1
libsigsegv2
libslang2
libsm6
libsmartcols1
libsmbclient
libsmpeg0
libsndfile1
libsnmp-base
libsnmp30
libsocket6-perl
libsodium13
libsoftware-license-perl
libsolid4
libsonic0
libsoprano4
libsoundtouch0
libsoup-gnome2.4-1
libsoup2.4-1
libsoxr0
libspectre1
libspeechd2
libspeex1
libspeexdsp1
libspnav0
libsqlite3-0
libss2
libssh-4
libssh-gcrypt-4
libssh2-1
libssl1.0.0
libstartup-notification0
libstdc++-5-dev
libstdc++6
libstreamanalyzer0v5
libstreams0v5
libstrictures-perl
libsub-exporter-perl
libsub-exporter-progressive-perl
libsub-identify-perl
libsub-install-perl
libsub-name-perl
libsunpinyin3
libswresample-ffmpeg1
libswscale-ffmpeg3
libswscale3
libsystemd0
libtag1-vanilla
libtag1v5
libtag1v5-vanilla
libtalloc2
libtasn1-6
libtcl8.6
libtdb1
libtelepathy-farstream3
libtelepathy-glib0
libtelepathy-logger3
libterm-ui-perl
libtevent0
libtext-charwidth-perl
libtext-iconv-perl
libtext-levenshtein-perl
libtext-soundex-perl
libtext-template-perl
libtext-wrapi18n-perl
libthai-data
libthai0
libtheora0
libthreadweaver4
libtidy-0.99-0
libtiff5
libtimedate-perl
libtimezonemap-data
libtimezonemap1
libtinfo5
libtinyxml2.6.2v5
libtk8.6
libtotem-plparser-common
libtotem-plparser18
libtry-tiny-perl
libtwolame0
libtxc-dxtn-s2tc0
libtype-tiny-perl
libtype-tiny-xs-perl
libubsan0
libudev1
libudisks2-0
libunicode-utf8-perl
libunique-1.0-0
libunistring0
libunity-control-center1
libunity-protocol-private0
libunity-scopes-json-def-desktop
libunity-settings-daemon1
libunity9
libupnp6
libupower-glib3
liburi-perl
liburl-dispatcher1
libusageenvironment1
libusb-0.1-4
libusb-1.0-0
libusbmuxd2
libustr-1.0-1
libutempter0
libuuid-perl
libuuid1
libv4l-0
libv4lconvert0
libva-drm1
libva-x11-1
libva1
libvamp-hostsdk3v5
libvariable-magic-perl
libvcdinfo0
libvdpau1
libvisio-0.1-1
libvisual-0.4-0
libvisual-0.4-plugins
libvlc5
libvlccore8
libvncclient0
libvncclient1
libvoikko1v5
libvorbis0a
libvorbisenc2
libvorbisfile3
libvpx1
libvpx2
libvte-2.90-9
libvte-2.90-common
libvte-2.91-0
libvte-2.91-common
libvte-common
libvte9
libwacom-bin
libwacom-common
libwacom2
libwavpack1
libwayland-client0
libwayland-cursor0
libwayland-egl1-mesa
libwayland-server0
libwbclient0
libwebcam0
libwebkitgtk-1.0-0
libwebkitgtk-1.0-common
libwebkitgtk-3.0-0
libwebkitgtk-3.0-common
libwebp5
libwebpmux1
libwebrtc-audio-processing-0
libwhoopsie0
libwind0-heimdal
libwinpr-crt0.1
libwinpr-dsparse0.1
libwinpr-environment0.1
libwinpr-file0.1
libwinpr-handle0.1
libwinpr-heap0.1
libwinpr-input0.1
libwinpr-interlocked0.1
libwinpr-library0.1
libwinpr-path0.1
libwinpr-pool0.1
libwinpr-registry0.1
libwinpr-rpc0.1
libwinpr-sspi0.1
libwinpr-synch0.1
libwinpr-sysinfo0.1
libwinpr-thread0.1
libwinpr-utils0.1
libwmf0.2-7
libwnck-3-0
libwnck-3-common
libwnck-common
libwnck22
libwpd-0.10-10
libwpd-0.10-10v5
libwpg-0.3-3
libwps-0.3-3
libwps-0.4-4
libwrap0
libwww-perl
libwww-robotrules-perl
libwxbase2.8-0
libwxbase3.0-0v5
libwxgtk-media2.8-0
libwxgtk2.8-0
libwxgtk3.0-0v5
libx11-6
libx11-data
libx11-protocol-perl
libx11-xcb1
libx264-142
libx264-146
libx265-59
libxapian22
libxapian22v5
libxau6
libxaw7
libxcb-composite0
libxcb-damage0
libxcb-dri2-0
libxcb-dri3-0
libxcb-glx0
libxcb-icccm4
libxcb-image0
libxcb-keysyms1
libxcb-present0
libxcb-randr0
libxcb-render-util0
libxcb-render0
libxcb-shape0
libxcb-shm0
libxcb-sync1
libxcb-util0
libxcb-util1
libxcb-xfixes0
libxcb-xkb1
libxcb-xv0
libxcb1
libxcomposite1
libxcursor1
libxdamage1
libxdmcp6
libxext6
libxfixes3
libxfont1
libxft2
libxi6
libxinerama1
libxkbcommon-x11-0
libxkbcommon0
libxkbfile1
libxklavier16
libxml-parser-perl
libxml-twig-perl
libxml2
libxml2-utils
libxmu6
libxmuu1
libxp6
libxpm4
libxrandr2
libxrender1
libxres1
libxshmfence1
libxslt1.1
libxss1
libxt6
libxtables10
libxtst6
libxv1
libxvidcore4
libxxf86dga1
libxxf86vm1
libyajl2
libyaml-0-2
libyaml-cpp0.3v5
libyelp0
libzeitgeist-2.0-0
libzephyr4
libzip4
libzmq3
libzvbi-common
libzvbi0
lightdm
lightdm-gtk-greeter
lightdm-gtk-greeter-settings
lintian
linux-base
linux-firmware
linux-firmware-nonfree
linux-goldfish-tools-3.4.0-4
linux-image-3.18.0-20-rpi2
linux-image-3.18.0-25-rpi2
linux-image-rpi2
linux-libc-dev
linux-sound-base
linux-tools-3.4.0-4-goldfish
linux-tools-common
linux-tools-goldfish
lksctp-tools
lm-sensors
locales
lockfile-progs
login
logrotate
lp-solve
lsb-base
lsb-release
lshw
lsof
ltrace
lvm2
m4
make
makedev
man-db
manpages
manpages-dev
marco
marco-common
mate-applets
mate-applets-common
mate-backgrounds
mate-control-center
mate-control-center-common
mate-desktop
mate-desktop-common
mate-desktop-environment-core
mate-gnome-main-menu-applet
mate-icon-theme
mate-icon-theme-faenza
mate-indicator-applet
mate-indicator-applet-common
mate-media
mate-media-common
mate-media-pulse
mate-menu
mate-menus
mate-netbook
mate-netbook-common
mate-netspeed
mate-netspeed-common
mate-notification-daemon
mate-notification-daemon-common
mate-optimus
mate-panel
mate-panel-common
mate-polkit
mate-polkit-common
mate-power-manager
mate-power-manager-common
mate-screensaver
mate-screensaver-common
mate-sensors-applet
mate-sensors-applet-common
mate-session-manager
mate-settings-daemon
mate-settings-daemon-common
mate-settings-daemon-pulse
mate-system-monitor
mate-system-monitor-common
mate-terminal
mate-terminal-common
mate-themes
mate-tweak
mate-user-guide
mate-utils
mate-utils-common
mawk
mcp-account-manager-uoa
media-player-info
menu-xdg
mesa-utils
metacity-common
mime-support
minecraft-pi
mir-client-platform-mesa2
mlocate
mobile-broadband-provider-info
modemmanager
module-init-tools
mount
mountall
mousetweaks
mozo
mplayer2
mscompress
mtr-tiny
multiarch-support
musescore-soundfont-gm
myspell-en-au
myspell-en-gb
myspell-en-za
mysql-client-core-5.6
mysql-common
mysql-server-core-5.6
mythes-en-au
mythes-en-us
nano
nautilus-data
ncurses-base
ncurses-bin
ncurses-term
net-tools
netbase
netcat-openbsd
netpbm
network-manager
network-manager-gnome
network-manager-pptp
network-manager-pptp-gnome
notification-daemon
ntfs-3g
ntp
ntpdate
ntrack-module-libnl-0
obex-data-server
oem-config
oem-config-gtk
oem-config-slideshow-ubuntu-mate
omxplayer
onboard
onboard-data
oneconf
oneconf-common
openjdk-7-jre
openjdk-7-jre-headless
openoffice.org-hyphenation
openprinting-ppds
openssh-client
openssh-server
openssh-sftp-server
openssl
os-prober
oxygen-icon-theme
p11-kit
p11-kit-modules
p7zip-full
packagekit
packagekit-backend-aptcc
parted
passwd
patch
patchutils
pciutils
pcmciautils
perl
perl-base
perl-modules
phonon
phonon-backend-gstreamer
phonon-backend-gstreamer-common
pidgin
pidgin-data
pidgin-libnotify
pidgin-otr
pinentry-gnome3
pinentry-gtk2
pkg-config
plank
plasma-framework
plasma-scriptengine-javascript
pluma
pluma-common
plymouth
plymouth-label
plymouth-theme-ubuntu-mate-logo
plymouth-theme-ubuntu-mate-text
plymouth-theme-ubuntu-text
pm-utils
policykit-1
policykit-1-gnome
policykit-desktop-privileges
poppler-data
poppler-utils
popularity-contest
powermgmt-base
ppp
pppconfig
pppoeconf
pptp-linux
presage
printer-driver-brlaser
printer-driver-c2esp
printer-driver-foo2zjs
printer-driver-foo2zjs-common
printer-driver-gutenprint
printer-driver-hpcups
printer-driver-min12xxw
printer-driver-pnm2ppa
printer-driver-postscript-hp
printer-driver-ptouch
printer-driver-pxljr
printer-driver-sag-gdi
printer-driver-splix
procps
psmisc
psutils
pulseaudio
pulseaudio-module-bluetooth
pulseaudio-module-x11
pulseaudio-utils
python
python-apsw
python-apt
python-apt-common
python-aptdaemon
python-aptdaemon.gtk3widgets
python-avahi
python-beautifulsoup
python-blinker
python-boto
python-cairo
python-caja
python-caja-common
python-cffi
python-cffi-backend
python-characteristic
python-chardet
python-cherrypy3
python-cloudfiles
python-codebug-i2c-tether
python-codebug-tether
python-colorama
python-commandnotfound
python-configobj
python-crypto
python-cryptography
python-cssselect
python-cssutils
python-dateutil
python-dbus
python-dbus-dev
python-debian
python-debtagshw
python-defer
python-defusedxml
python-dev
python-dirspec
python-distlib
python-distutils-extra
python-dnspython
python-enum34
python-feedparser
python-funcsigs
python-gdbm
python-gi
python-gi-cairo
python-glade2
python-gobject
python-gobject-2
python-gst0.10
python-gtk2
python-gtksourceview2
python-html5lib
python-httplib2
python-idna
python-imaging
python-ipaddress
python-jwt
python-ldb
python-libxml2
python-lockfile
python-lxml
python-magic
python-markdown
python-mate-menu
python-mechanize
python-minecraftpi
python-minimal
python-netifaces
python-notify
python-ntdb
python-numpy
python-oauthlib
python-oneconf
python-openssl
python-pexpect
python-picamera
python-pil
python-pip
python-piston-mini-client
python-pkg-resources
python-ply
python-ptyprocess
python-pyasn1
python-pyasn1-modules
python-pycparser
python-pyfits
python-pygame
python-pygments
python-pyparsing
python-pyqt5
python-pyqt5.qtsvg
python-pyqt5.qtwebkit
python-qt4
python-qt4-dbus
python-repoze.lru
python-requests
python-routes
python-rpi.gpio
python-rtimulib
python-samba
python-serial
python-service-identity
python-setuptools
python-sip
python-six
python-soappy
python-spidev
python-support
python-talloc
python-tdb
python-tk
python-twisted-bin
python-twisted-core
python-twisted-web
python-ubuntu-sso-client
python-urllib3
python-utidylib
python-webob
python-wheel
python-wstools
python-wxgtk2.8
python-wxversion
python-xapian
python-xdg
python-xlib
python-yaml
python-zope.interface
python2.7
python2.7-dev
python2.7-minimal
python3
python3-apport
python3-apt
python3-aptdaemon
python3-aptdaemon.gtk3widgets
python3-aptdaemon.pkcompat
python3-blinker
python3-brlapi
python3-cairo
python3-cffi
python3-cffi-backend
python3-chardet
python3-codebug-i2c-tether
python3-codebug-tether
python3-colorama
python3-commandnotfound
python3-configobj
python3-crypto
python3-cryptography
python3-cups
python3-cupshelpers
python3-dbus
python3-debian
python3-defer
python3-dev
python3-distlib
python3-distupgrade
python3-gdbm
python3-gi
python3-gi-cairo
python3-html5lib
python3-httplib2
python3-icu
python3-idna
python3-jwt
python3-louis
python3-lxml
python3-mako
python3-markupsafe
python3-minecraftpi
python3-minimal
python3-numpy
python3-oauthlib
python3-oneconf
python3-packagekit
python3-pam
python3-pexpect
python3-picamera
python3-pil
python3-pip
python3-piston-mini-client
python3-pkg-resources
python3-ply
python3-problem-report
python3-ptyprocess
python3-pyasn1
python3-pyatspi
python3-pycparser
python3-pycurl
python3-renderpm
python3-reportlab
python3-reportlab-accel
python3-requests
python3-rpi.gpio
python3-rtimulib
python3-serial
python3-setuptools
python3-six
python3-smbc
python3-software-properties
python3-speechd
python3-spidev
python3-tk
python3-update-manager
python3-urllib3
python3-wheel
python3-xdg
python3-xkit
python3.4
python3.4-dev
python3.4-minimal
python3.5
python3.5-minimal
qapt-batch
qdbus
qjackctl
qml-module-org-kde-activities
qml-module-org-kde-kquickcontrols
qml-module-org-kde-kquickcontrolsaddons
qml-module-qtquick-controls
qml-module-qtquick-dialogs
qml-module-qtquick-layouts
qml-module-qtquick-privatewidgets
qml-module-qtquick-window2
qml-module-qtquick2
qpdf
qt-at-spi
qt4-qtconfig
qtchooser
qtcore4-l10n
qttranslations5-l10n
qtwayland5
raspberrypi-bootloader
raspi-copies-and-fills
raspi-gpio
rdate
read-edid
readline-common
rename
resolvconf
rfkill
rhythmbox
rhythmbox-data
rhythmbox-plugin-cdrecorder
rhythmbox-plugins
rng-tools
rpi-update
rpi2-ubuntu-errata
rsync
rsyslog
rtkit
rtmpdump
ruby
ruby2.1
rubygems-integration
samba-common
samba-common-bin
samba-libs
sane-utils
scratch
screen
seahorse
sed
sensible-utils
session-migration
sessioninstaller
sgml-base
sgml-data
shared-mime-info
shotwell
shotwell-common
signon-keyring-extension
signon-plugin-oauth2
signon-plugin-password
signon-ui
signon-ui-service
signon-ui-x11
signond
simple-scan
smartmontools
smbclient
software-center
software-center-aptdaemon-plugins
software-properties-common
software-properties-gtk
sonic-pi
sonnet-plugins
soprano-daemon
sound-theme-freedesktop
speech-dispatcher
speech-dispatcher-audio-plugins
squeak-plugins-scratch
squeak-vm
ssh-import-id
ssl-cert
strace
sudo
sunpinyin-data
supercollider
supercollider-common
supercollider-ide
supercollider-language
supercollider-server
supercollider-supernova
system-config-printer-common
system-config-printer-gnome
system-config-printer-udev
system-tools-backends
systemd
systemd-shim
systemd-sysv
sysv-rc
sysvinit-utils
t1utils
tar
tasksel
tasksel-data
tcl
tcl8.6
tcpd
tcpdump
telepathy-gabble
telepathy-haze
telepathy-logger
telepathy-mission-control-5
telepathy-salut
telnet
thunderbird
thunderbird-locale-en
thunderbird-locale-en-gb
thunderbird-locale-en-us
thunderbird-locale-zh-cn
thunderbird-locale-zh-hans
thunderbird-locale-zh-hant
thunderbird-locale-zh-tw
tilda
time
timgm6mb-soundfont
tk
tk8.6
tk8.6-blt2.5
tlp
tlp-rdw
transmission-common
transmission-gtk
ttf-ancient-fonts-symbola
ttf-dejavu-core
ttf-indic-fonts-core
ttf-ubuntu-font-family
tzdata
tzdata-java
u-boot-tools
ubuntu-drivers-common
ubuntu-keyring
ubuntu-mate-artwork
ubuntu-mate-core
ubuntu-mate-default-settings
ubuntu-mate-desktop
ubuntu-mate-icon-themes
ubuntu-mate-libreoffice-draw-icons
ubuntu-mate-libreoffice-math-icons
ubuntu-mate-lightdm-theme
ubuntu-mate-themes
ubuntu-mate-wallpapers
ubuntu-mate-wallpapers-common
ubuntu-mate-wallpapers-utopic
ubuntu-mate-wallpapers-vivid
ubuntu-mate-wallpapers-wily
ubuntu-mate-welcome
ubuntu-minimal
ubuntu-mono
ubuntu-release-upgrader-core
ubuntu-release-upgrader-gtk
ubuntu-sounds
ubuntu-sso-client
ubuntu-sso-client-qt
ubuntu-standard
ubuntu-system-service
ubuntu-touch-sounds
ubuntuone-client-data
ucf
udev
udisks2
ufw
unattended-upgrades
unity-asset-pool
unity-control-center
unity-control-center-signon
unity-settings-daemon
uno-libs3
unzip
update-inetd
update-manager
update-manager-core
update-notifier
update-notifier-common
upower
ure
ureadahead
usb-modeswitch
usb-modeswitch-data
usbmuxd
usbutils
util-linux
uuid-runtime
uvcdynctrl
uvcdynctrl-data
vim-common
vim-tiny
vlc
vlc-data
vlc-nox
vlc-plugin-pulse
wamerican
watershed
wbritish
wdiff
wget
whiptail
whoopsie
wireless-regdb
wireless-tools
wmctrl
wodim
wpasupplicant
x11-apps
x11-common
x11-session-utils
x11-utils
x11-xkb-utils
x11-xserver-utils
xauth
xbitmaps
xcursor-themes
xdg-user-dirs
xdg-user-dirs-gtk
xdg-utils
xfonts-base
xfonts-encodings
xfonts-scalable
xfonts-utils
xinit
xinput
xkb-data
xml-core
xorg
xorg-docs-core
xserver-common
xserver-xorg
xserver-xorg-core
xserver-xorg-input-all
xserver-xorg-input-evdev
xserver-xorg-input-synaptics
xserver-xorg-input-wacom
xserver-xorg-video-all
xserver-xorg-video-fbdev
xserver-xorg-video-fbturbo
xul-ext-calendar-timezones
xul-ext-gdata-provider
xul-ext-lightning
xul-ext-ubufox
xz-utils
xzoom
yelp
yelp-xsl
youtube-dl
youtube-dlg
yuyo-gtk-theme
zeitgeist-core
zenity
zenity-common
zip
zlib1g
